Archive member included to satisfy reference by file (symbol)

c:/siliconlabs/simplicitystudio/v5/developer/toolchains/gnu_arm/12.2.rel1_2023.7/bin/../lib/gcc/arm-none-eabi/12.2.1/thumb/v8-m.main+fp/hard\libgcc.a(_aeabi_ldivmod.o)
                              ./gecko_sdk_4.4.0/platform/service/sleeptimer/src/sl_sleeptimer.o (__aeabi_ldivmod)
c:/siliconlabs/simplicitystudio/v5/developer/toolchains/gnu_arm/12.2.rel1_2023.7/bin/../lib/gcc/arm-none-eabi/12.2.1/thumb/v8-m.main+fp/hard\libgcc.a(_aeabi_uldivmod.o)
                              ./gecko_sdk_4.4.0/platform/service/sleeptimer/src/sl_sleeptimer.o (__aeabi_uldivmod)
c:/siliconlabs/simplicitystudio/v5/developer/toolchains/gnu_arm/12.2.rel1_2023.7/bin/../lib/gcc/arm-none-eabi/12.2.1/thumb/v8-m.main+fp/hard\libgcc.a(_udivmoddi4.o)
                              c:/siliconlabs/simplicitystudio/v5/developer/toolchains/gnu_arm/12.2.rel1_2023.7/bin/../lib/gcc/arm-none-eabi/12.2.1/thumb/v8-m.main+fp/hard\libgcc.a(_aeabi_ldivmod.o) (__udivmoddi4)
c:/siliconlabs/simplicitystudio/v5/developer/toolchains/gnu_arm/12.2.rel1_2023.7/bin/../lib/gcc/arm-none-eabi/12.2.1/thumb/v8-m.main+fp/hard\libgcc.a(_dvmd_tls.o)
                              c:/siliconlabs/simplicitystudio/v5/developer/toolchains/gnu_arm/12.2.rel1_2023.7/bin/../lib/gcc/arm-none-eabi/12.2.1/thumb/v8-m.main+fp/hard\libgcc.a(_aeabi_ldivmod.o) (__aeabi_ldiv0)
c:/siliconlabs/simplicitystudio/v5/developer/toolchains/gnu_arm/12.2.rel1_2023.7/bin/../lib/gcc/arm-none-eabi/12.2.1/thumb/v8-m.main+fp/hard\libc_nano.a(libc_a-exit.o)
                              c:/siliconlabs/simplicitystudio/v5/developer/toolchains/gnu_arm/12.2.rel1_2023.7/bin/../lib/gcc/arm-none-eabi/12.2.1/thumb/v8-m.main+fp/hard/crt0.o (exit)
c:/siliconlabs/simplicitystudio/v5/developer/toolchains/gnu_arm/12.2.rel1_2023.7/bin/../lib/gcc/arm-none-eabi/12.2.1/thumb/v8-m.main+fp/hard\libc_nano.a(libc_a-findfp.o)
                              c:/siliconlabs/simplicitystudio/v5/developer/toolchains/gnu_arm/12.2.rel1_2023.7/bin/../lib/gcc/arm-none-eabi/12.2.1/thumb/v8-m.main+fp/hard\libc_nano.a(libc_a-exit.o) (__stdio_exit_handler)
c:/siliconlabs/simplicitystudio/v5/developer/toolchains/gnu_arm/12.2.rel1_2023.7/bin/../lib/gcc/arm-none-eabi/12.2.1/thumb/v8-m.main+fp/hard\libc_nano.a(libc_a-fwalk.o)
                              c:/siliconlabs/simplicitystudio/v5/developer/toolchains/gnu_arm/12.2.rel1_2023.7/bin/../lib/gcc/arm-none-eabi/12.2.1/thumb/v8-m.main+fp/hard\libc_nano.a(libc_a-findfp.o) (_fwalk_sglue)
c:/siliconlabs/simplicitystudio/v5/developer/toolchains/gnu_arm/12.2.rel1_2023.7/bin/../lib/gcc/arm-none-eabi/12.2.1/thumb/v8-m.main+fp/hard\libc_nano.a(libc_a-stdio.o)
                              c:/siliconlabs/simplicitystudio/v5/developer/toolchains/gnu_arm/12.2.rel1_2023.7/bin/../lib/gcc/arm-none-eabi/12.2.1/thumb/v8-m.main+fp/hard\libc_nano.a(libc_a-findfp.o) (__sread)
c:/siliconlabs/simplicitystudio/v5/developer/toolchains/gnu_arm/12.2.rel1_2023.7/bin/../lib/gcc/arm-none-eabi/12.2.1/thumb/v8-m.main+fp/hard\libc_nano.a(libc_a-memset.o)
                              c:/siliconlabs/simplicitystudio/v5/developer/toolchains/gnu_arm/12.2.rel1_2023.7/bin/../lib/gcc/arm-none-eabi/12.2.1/thumb/v8-m.main+fp/hard/crt0.o (memset)
c:/siliconlabs/simplicitystudio/v5/developer/toolchains/gnu_arm/12.2.rel1_2023.7/bin/../lib/gcc/arm-none-eabi/12.2.1/thumb/v8-m.main+fp/hard\libc_nano.a(libc_a-closer.o)
                              c:/siliconlabs/simplicitystudio/v5/developer/toolchains/gnu_arm/12.2.rel1_2023.7/bin/../lib/gcc/arm-none-eabi/12.2.1/thumb/v8-m.main+fp/hard\libc_nano.a(libc_a-stdio.o) (_close_r)
c:/siliconlabs/simplicitystudio/v5/developer/toolchains/gnu_arm/12.2.rel1_2023.7/bin/../lib/gcc/arm-none-eabi/12.2.1/thumb/v8-m.main+fp/hard\libc_nano.a(libc_a-reent.o)
                              c:/siliconlabs/simplicitystudio/v5/developer/toolchains/gnu_arm/12.2.rel1_2023.7/bin/../lib/gcc/arm-none-eabi/12.2.1/thumb/v8-m.main+fp/hard\libc_nano.a(libc_a-closer.o) (errno)
c:/siliconlabs/simplicitystudio/v5/developer/toolchains/gnu_arm/12.2.rel1_2023.7/bin/../lib/gcc/arm-none-eabi/12.2.1/thumb/v8-m.main+fp/hard\libc_nano.a(libc_a-impure.o)
                              c:/siliconlabs/simplicitystudio/v5/developer/toolchains/gnu_arm/12.2.rel1_2023.7/bin/../lib/gcc/arm-none-eabi/12.2.1/thumb/v8-m.main+fp/hard\libc_nano.a(libc_a-reent.o) (_impure_ptr)
c:/siliconlabs/simplicitystudio/v5/developer/toolchains/gnu_arm/12.2.rel1_2023.7/bin/../lib/gcc/arm-none-eabi/12.2.1/thumb/v8-m.main+fp/hard\libc_nano.a(libc_a-lseekr.o)
                              c:/siliconlabs/simplicitystudio/v5/developer/toolchains/gnu_arm/12.2.rel1_2023.7/bin/../lib/gcc/arm-none-eabi/12.2.1/thumb/v8-m.main+fp/hard\libc_nano.a(libc_a-stdio.o) (_lseek_r)
c:/siliconlabs/simplicitystudio/v5/developer/toolchains/gnu_arm/12.2.rel1_2023.7/bin/../lib/gcc/arm-none-eabi/12.2.1/thumb/v8-m.main+fp/hard\libc_nano.a(libc_a-readr.o)
[...]
Memory Configuration

Name             Origin             Length             Attributes
FLASH            0x08000000         0x0007e000         xr
RAM              0x20000000         0x00010000         xrw
*default*        0x00000000         0xffffffff

Linker script and memory map

LOAD c:/siliconlabs/simplicitystudio/v5/developer/toolchains/gnu_arm/12.2.rel1_2023.7/bin/../lib/gcc/arm-none-eabi/12.2.1/thumb/v8-m.main+fp/hard/crti.o
LOAD c:/siliconlabs/simplicitystudio/v5/developer/toolchains/gnu_arm/12.2.rel1_2023.7/bin/../lib/gcc/arm-none-eabi/12.2.1/thumb/v8-m.main+fp/hard/crtbegin.o
LOAD c:/siliconlabs/simplicitystudio/v5/developer/toolchains/gnu_arm/12.2.rel1_2023.7/bin/../lib/gcc/arm-none-eabi/12.2.1/thumb/v8-m.main+fp/hard/crt0.o
START GROUP
LOAD ./app.o
LOAD ./blink.o
LOAD ./main.o
LOAD ./autogen/sl_board_default_init.o
LOAD ./autogen/sl_device_init_clocks.o
LOAD ./autogen/sl_event_handler.o
LOAD ./autogen/sl_simple_led_instances.o
LOAD ./gecko_sdk_4.4.0/hardware/board/src/sl_board_control_gpio.o
LOAD ./gecko_sdk_4.4.0/hardware/board/src/sl_board_init.o
LOAD ./gecko_sdk_4.4.0/platform/Device/SiliconLabs/EFM32PG23/Source/startup_efm32pg23.o
LOAD ./gecko_sdk_4.4.0/platform/Device/SiliconLabs/EFM32PG23/Source/system_efm32pg23.o
LOAD ./gecko_sdk_4.4.0/platform/common/src/sl_assert.o
LOAD ./gecko_sdk_4.4.0/platform/common/src/sl_syscalls.o
LOAD ./gecko_sdk_4.4.0/platform/common/toolchain/src/sl_memory.o
LOAD ./gecko_sdk_4.4.0/platform/driver/leddrv/src/sl_led.o
LOAD ./gecko_sdk_4.4.0/platform/driver/leddrv/src/sl_simple_led.o
LOAD ./gecko_sdk_4.4.0/platform/emlib/src/em_burtc.o
LOAD ./gecko_sdk_4.4.0/platform/emlib/src/em_cmu.o
LOAD ./gecko_sdk_4.4.0/platform/emlib/src/em_core.o
LOAD ./gecko_sdk_4.4.0/platform/emlib/src/em_emu.o
LOAD ./gecko_sdk_4.4.0/platform/emlib/src/em_gpio.o
LOAD ./gecko_sdk_4.4.0/platform/emlib/src/em_msc.o
LOAD ./gecko_sdk_4.4.0/platform/emlib/src/em_prs.o
LOAD ./gecko_sdk_4.4.0/platform/emlib/src/em_system.o
LOAD ./gecko_sdk_4.4.0/platform/emlib/src/em_timer.o
LOAD ./gecko_sdk_4.4.0/platform/peripheral/src/peripheral_sysrtc.o
LOAD ./gecko_sdk_4.4.0/platform/service/device_init/src/sl_device_init_dcdc_s2.o
LOAD ./gecko_sdk_4.4.0/platform/service/device_init/src/sl_device_init_emu_s2.o
LOAD ./gecko_sdk_4.4.0/platform/service/device_init/src/sl_device_init_hfxo_s2.o
LOAD ./gecko_sdk_4.4.0/platform/service/device_init/src/sl_device_init_lfxo_s2.o
LOAD ./gecko_sdk_4.4.0/platform/service/device_init/src/sl_device_init_nvic.o
LOAD ./gecko_sdk_4.4.0/platform/service/sleeptimer/src/sl_sleeptimer.o
LOAD ./gecko_sdk_4.4.0/platform/service/sleeptimer/src/sl_sleeptimer_hal_burtc.o
LOAD ./gecko_sdk_4.4.0/platform/service/sleeptimer/src/sl_sleeptimer_hal_sysrtc.o
LOAD ./gecko_sdk_4.4.0/platform/service/sleeptimer/src/sl_sleeptimer_hal_timer.o
LOAD ./gecko_sdk_4.4.0/platform/service/system/src/sl_system_init.o
LOAD ./gecko_sdk_4.4.0/platform/service/system/src/sl_system_process_action.o
LOAD c:/siliconlabs/simplicitystudio/v5/developer/toolchains/gnu_arm/12.2.rel1_2023.7/bin/../lib/gcc/arm-none-eabi/12.2.1/thumb/v8-m.main+fp/hard\libgcc.a
LOAD c:/siliconlabs/simplicitystudio/v5/developer/toolchains/gnu_arm/12.2.rel1_2023.7/bin/../lib/gcc/arm-none-eabi/12.2.1/thumb/v8-m.main+fp/hard\libc_nano.a
LOAD c:/siliconlabs/simplicitystudio/v5/developer/toolchains/gnu_arm/12.2.rel1_2023.7/bin/../lib/gcc/arm-none-eabi/12.2.1/thumb/v8-m.main+fp/hard\libm.a
LOAD c:/siliconlabs/simplicitystudio/v5/developer/toolchains/gnu_arm/12.2.rel1_2023.7/bin/../lib/gcc/arm-none-eabi/12.2.1/thumb/v8-m.main+fp/hard\libnosys.a
END GROUP
START GROUP
LOAD c:/siliconlabs/simplicitystudio/v5/developer/toolchains/gnu_arm/12.2.rel1_2023.7/bin/../lib/gcc/arm-none-eabi/12.2.1/thumb/v8-m.main+fp/hard\libgcc.a
LOAD c:/siliconlabs/simplicitystudio/v5/developer/toolchains/gnu_arm/12.2.rel1_2023.7/bin/../lib/gcc/arm-none-eabi/12.2.1/thumb/v8-m.main+fp/hard\libc_nano.a
LOAD c:/siliconlabs/simplicitystudio/v5/developer/toolchains/gnu_arm/12.2.rel1_2023.7/bin/../lib/gcc/arm-none-eabi/12.2.1/thumb/v8-m.main+fp/hard\libnosys.a
END GROUP
START GROUP
LOAD c:/siliconlabs/simplicitystudio/v5/developer/toolchains/gnu_arm/12.2.rel1_2023.7/bin/../lib/gcc/arm-none-eabi/12.2.1/thumb/v8-m.main+fp/hard\libgcc.a
LOAD c:/siliconlabs/simplicitystudio/v5/developer/toolchains/gnu_arm/12.2.rel1_2023.7/bin/../lib/gcc/arm-none-eabi/12.2.1/thumb/v8-m.main+fp/hard\libg_nano.a
LOAD c:/siliconlabs/simplicitystudio/v5/developer/toolchains/gnu_arm/12.2.rel1_2023.7/bin/../lib/gcc/arm-none-eabi/12.2.1/thumb/v8-m.main+fp/hard\libc_nano.a
END GROUP
START GROUP
LOAD c:/siliconlabs/simplicitystudio/v5/developer/toolchains/gnu_arm/12.2.rel1_2023.7/bin/../lib/gcc/arm-none-eabi/12.2.1/thumb/v8-m.main+fp/hard\libgcc.a
LOAD c:/siliconlabs/simplicitystudio/v5/developer/toolchains/gnu_arm/12.2.rel1_2023.7/bin/../lib/gcc/arm-none-eabi/12.2.1/thumb/v8-m.main+fp/hard\libc_nano.a
END GROUP
LOAD c:/siliconlabs/simplicitystudio/v5/developer/toolchains/gnu_arm/12.2.rel1_2023.7/bin/../lib/gcc/arm-none-eabi/12.2.1/thumb/v8-m.main+fp/hard/crtend.o
LOAD c:/siliconlabs/simplicitystudio/v5/developer/toolchains/gnu_arm/12.2.rel1_2023.7/bin/../lib/gcc/arm-none-eabi/12.2.1/thumb/v8-m.main+fp/hard/crtn.o

.text           0x08000000     0x2980
                0x08000000                linker_vectors_begin = .
 *(.vectors)
 .vectors       0x08000000      0x170 ./gecko_sdk_4.4.0/platform/Device/SiliconLabs/EFM32PG23/Source/startup_efm32pg23.o
                0x08000000                __Vectors
                0x08000170                linker_vectors_end = .
                0x08000170                __Vectors_End = .
                0x08000170                __Vectors_Size = (__Vectors_End - __Vectors)
                0x08000170                linker_code_begin = .
 *(SORT_BY_ALIGNMENT(.text*))
 .text.deregister_tm_clones
                0x08000170       0x1c c:/siliconlabs/simplicitystudio/v5/developer/toolchains/gnu_arm/12.2.rel1_2023.7/bin/../lib/gcc/arm-none-eabi/12.2.1/thumb/v8-m.main+fp/hard/crtbegin.o
 .text.register_tm_clones
                0x0800018c       0x28 c:/siliconlabs/simplicitystudio/v5/developer/toolchains/gnu_arm/12.2.rel1_2023.7/bin/../lib/gcc/arm-none-eabi/12.2.1/thumb/v8-m.main+fp/hard/crtbegin.o
 .text.__do_global_dtors_aux
                0x080001b4       0x28 c:/siliconlabs/simplicitystudio/v5/developer/toolchains/gnu_arm/12.2.rel1_2023.7/bin/../lib/gcc/arm-none-eabi/12.2.1/thumb/v8-m.main+fp/hard/crtbegin.o
 .text.frame_dummy
                0x080001dc       0x24 c:/siliconlabs/simplicitystudio/v5/developer/toolchains/gnu_arm/12.2.rel1_2023.7/bin/../lib/gcc/arm-none-eabi/12.2.1/thumb/v8-m.main+fp/hard/crtbegin.o
 .text          0x08000200       0x7c c:/siliconlabs/simplicitystudio/v5/developer/toolchains/gnu_arm/12.2.rel1_2023.7/bin/../lib/gcc/arm-none-eabi/12.2.1/thumb/v8-m.main+fp/hard/crt0.o
                0x08000200                _stack_init
                0x08000208                _start
                0x08000208                _mainCRTStartup
 .text.on_timeout
                0x0800027c        0xc ./blink.o
 .text.blink_init
                0x08000288       0x24 ./blink.o
                0x08000288                blink_init
 .text.blink_process_action
                0x080002ac       0x1c ./blink.o
                0x080002ac                blink_process_action
 .text.sl_device_init_clocks
                0x080002c8       0xac ./autogen/sl_device_init_clocks.o
                0x080002c8                sl_device_init_clocks
 .text.sl_platform_init
                0x08000374       0x98 ./autogen/sl_event_handler.o
                0x08000374                sl_platform_init
 .text.sl_simple_led_init_instances
                0x0800040c        0xc ./autogen/sl_simple_led_instances.o
                0x0800040c                sl_simple_led_init_instances
 .text.CopyRamFuncs
                0x08000418       0x1c ./gecko_sdk_4.4.0/platform/Device/SiliconLabs/EFM32PG23/Source/startup_efm32pg23.o
                0x08000418                CopyRamFuncs
 .text.Reset_Handler
                0x08000434       0x64 ./gecko_sdk_4.4.0/platform/Device/SiliconLabs/EFM32PG23/Source/startup_efm32pg23.o
                0x08000434                Reset_Handler
 .text.SystemInit
                0x08000498       0x68 ./gecko_sdk_4.4.0/platform/Device/SiliconLabs/EFM32PG23/Source/system_efm32pg23.o
                0x08000498                SystemInit
 .text.SystemHFRCODPLLClockGet
                0x08000500        0xc ./gecko_sdk_4.4.0/platform/Device/SiliconLabs/EFM32PG23/Source/system_efm32pg23.o
                0x08000500                SystemHFRCODPLLClockGet
 .text.SystemSYSCLKGet
                0x0800050c       0x34 ./gecko_sdk_4.4.0/platform/Device/SiliconLabs/EFM32PG23/Source/system_efm32pg23.o
                0x0800050c                SystemSYSCLKGet
 .text.SystemHCLKGet
                0x08000540       0x24 ./gecko_sdk_4.4.0/platform/Device/SiliconLabs/EFM32PG23/Source/system_efm32pg23.o
                0x08000540                SystemHCLKGet
 .text.SystemMaxCoreClockGet
                0x08000564        0x8 ./gecko_sdk_4.4.0/platform/Device/SiliconLabs/EFM32PG23/Source/system_efm32pg23.o
                0x08000564                SystemMaxCoreClockGet
 .text.SystemHFXOClockGet
                0x0800056c        0xc ./gecko_sdk_4.4.0/platform/Device/SiliconLabs/EFM32PG23/Source/system_efm32pg23.o
                0x0800056c                SystemHFXOClockGet
 .text.SystemHFXOClockSet
                0x08000578       0x20 ./gecko_sdk_4.4.0/platform/Device/SiliconLabs/EFM32PG23/Source/system_efm32pg23.o
                0x08000578                SystemHFXOClockSet
 .text.SystemFSRCOClockGet
                0x08000598        0x8 ./gecko_sdk_4.4.0/platform/Device/SiliconLabs/EFM32PG23/Source/system_efm32pg23.o
                0x08000598                SystemFSRCOClockGet
 .text.SystemHFRCOEM23ClockGet
                0x080005a0       0x84 ./gecko_sdk_4.4.0/platform/Device/SiliconLabs/EFM32PG23/Source/system_efm32pg23.o
                0x080005a0                SystemHFRCOEM23ClockGet
 .text.SystemLFXOClockGet
                0x08000624        0xc ./gecko_sdk_4.4.0/platform/Device/SiliconLabs/EFM32PG23/Source/system_efm32pg23.o
                0x08000624                SystemLFXOClockGet
 .text.GPIO_PinOutClear
                0x08000630       0x3c ./gecko_sdk_4.4.0/platform/driver/leddrv/src/sl_simple_led.o
 .text.GPIO_PinOutSet
                0x0800066c       0x3c ./gecko_sdk_4.4.0/platform/driver/leddrv/src/sl_simple_led.o
 .text.sl_simple_led_toggle
                0x080006a8       0x3c ./gecko_sdk_4.4.0/platform/driver/leddrv/src/sl_simple_led.o
                0x080006a8                sl_simple_led_toggle
 .text.sl_simple_led_get_state
                0x080006e4       0x4c ./gecko_sdk_4.4.0/platform/driver/leddrv/src/sl_simple_led.o
                0x080006e4                sl_simple_led_get_state
 .text.EMU_VScaleGet
                0x08000730       0x18 ./gecko_sdk_4.4.0/platform/emlib/src/em_cmu.o
 .text.em01GrpaClkGet
                0x08000748       0x74 ./gecko_sdk_4.4.0/platform/emlib/src/em_cmu.o
 .text.em01GrpcClkGet
                0x080007bc       0x70 ./gecko_sdk_4.4.0/platform/emlib/src/em_cmu.o
 .text.iadcClkGet
                0x0800082c       0x60 ./gecko_sdk_4.4.0/platform/emlib/src/em_cmu.o
 .text.lesenseHFClkGet
                0x0800088c       0x48 ./gecko_sdk_4.4.0/platform/emlib/src/em_cmu.o
 .text.eusart0ClkGet
                0x080008d4       0x74 ./gecko_sdk_4.4.0/platform/emlib/src/em_cmu.o
 .text.em23GrpaClkGet
                0x08000948       0x48 ./gecko_sdk_4.4.0/platform/emlib/src/em_cmu.o
 .text.vdac0ClkGet
                0x08000990       0x70 ./gecko_sdk_4.4.0/platform/emlib/src/em_cmu.o
 .text.pcnt0ClkGet
                0x08000a00       0x4c ./gecko_sdk_4.4.0/platform/emlib/src/em_cmu.o
 .text.wdog0ClkGet
                0x08000a4c       0x64 ./gecko_sdk_4.4.0/platform/emlib/src/em_cmu.o
 .text.wdog1ClkGet
                0x08000ab0       0x64 ./gecko_sdk_4.4.0/platform/emlib/src/em_cmu.o
 .text.sysrtcClkGet
                0x08000b14       0x48 ./gecko_sdk_4.4.0/platform/emlib/src/em_cmu.o
 .text.lcdClkGet
                0x08000b5c       0x54 ./gecko_sdk_4.4.0/platform/emlib/src/em_cmu.o
 .text.em4GrpaClkGet
                0x08000bb0       0x48 ./gecko_sdk_4.4.0/platform/emlib/src/em_cmu.o
 .text.CMU_ClockDivGet
                0x08000bf8       0x84 ./gecko_sdk_4.4.0/platform/emlib/src/em_cmu.o
                0x08000bf8                CMU_ClockDivGet
 .text.flashWaitStateControl
                0x08000c7c       0x58 ./gecko_sdk_4.4.0/platform/emlib/src/em_cmu.o
 .text.CMU_ClockEnable
                0x08000cd4       0x50 ./gecko_sdk_4.4.0/platform/emlib/src/em_cmu.o
                0x08000cd4                CMU_ClockEnable
 .text.CMU_ClockFreqGet
                0x08000d24      0x25c ./gecko_sdk_4.4.0/platform/emlib/src/em_cmu.o
                0x08000d24                CMU_ClockFreqGet
 .text.CMU_ClockSelectGet
                0x08000f80      0x268 ./gecko_sdk_4.4.0/platform/emlib/src/em_cmu.o
                0x08000f80                CMU_ClockSelectGet
 .text.sli_em_cmu_HFXOSetForceEnable
                0x080011e8       0x1c ./gecko_sdk_4.4.0/platform/emlib/src/em_cmu.o
                0x080011e8                sli_em_cmu_HFXOSetForceEnable
 .text.CMU_HFXOInit
                0x08001204      0x238 ./gecko_sdk_4.4.0/platform/emlib/src/em_cmu.o
                0x08001204                CMU_HFXOInit
 .text.CMU_HFXOCTuneDeltaGet
                0x0800143c        0xc ./gecko_sdk_4.4.0/platform/emlib/src/em_cmu.o
                0x0800143c                CMU_HFXOCTuneDeltaGet
 .text.CMU_LFXOInit
                0x08001448       0xc4 ./gecko_sdk_4.4.0/platform/emlib/src/em_cmu.o
                0x08001448                CMU_LFXOInit
 .text.CMU_LFXOPrecisionSet
                0x0800150c        0xc ./gecko_sdk_4.4.0/platform/emlib/src/em_cmu.o
                0x0800150c                CMU_LFXOPrecisionSet
 .text.CMU_HFXOPrecisionSet
                0x08001518        0xc ./gecko_sdk_4.4.0/platform/emlib/src/em_cmu.o
                0x08001518                CMU_HFXOPrecisionSet
 .text.CMU_ClockDivSet
                0x08001524       0xf4 ./gecko_sdk_4.4.0/platform/emlib/src/em_cmu.o
                0x08001524                CMU_ClockDivSet
 .text.pclkDivOptimize
                0x08001618       0x24 ./gecko_sdk_4.4.0/platform/emlib/src/em_cmu.o
 .text.EMU_DCDCSync
                0x0800163c       0x10 ./gecko_sdk_4.4.0/platform/emlib/src/em_emu.o
 .text.EMU_EM4Init
                0x0800164c       0x14 ./gecko_sdk_4.4.0/platform/emlib/src/em_emu.o
                0x0800164c                EMU_EM4Init
 .text.EMU_VScaleEM01
                0x08001660       0xa8 ./gecko_sdk_4.4.0/platform/emlib/src/em_emu.o
                0x08001660                EMU_VScaleEM01
 .text.EMU_VScaleEM01ByClock
                0x08001708       0x30 ./gecko_sdk_4.4.0/platform/emlib/src/em_emu.o
                0x08001708                EMU_VScaleEM01ByClock
 .text.EMU_DCDCModeSet
                0x08001738       0xac ./gecko_sdk_4.4.0/platform/emlib/src/em_emu.o
                0x08001738                EMU_DCDCModeSet
 .text.EMU_DCDCInit
                0x080017e4       0x70 ./gecko_sdk_4.4.0/platform/emlib/src/em_emu.o
                0x080017e4                EMU_DCDCInit
 .text.GPIO_PinOutSet
                0x08001854       0x3c ./gecko_sdk_4.4.0/platform/emlib/src/em_gpio.o
 .text.GPIO_PinOutClear
                0x08001890       0x3c ./gecko_sdk_4.4.0/platform/emlib/src/em_gpio.o
 .text.GPIO_PinModeSet
                0x080018cc       0x94 ./gecko_sdk_4.4.0/platform/emlib/src/em_gpio.o
                0x080018cc                GPIO_PinModeSet
 .text.sl_hal_sysrtc_wait_sync
                0x08001960       0x14 ./gecko_sdk_4.4.0/platform/peripheral/src/peripheral_sysrtc.o
                0x08001960                sl_hal_sysrtc_wait_sync
 .text.sl_hal_sysrtc_wait_ready
                0x08001974       0x1c ./gecko_sdk_4.4.0/platform/peripheral/src/peripheral_sysrtc.o
                0x08001974                sl_hal_sysrtc_wait_ready
 .text.sl_hal_sysrtc_stop
                0x08001990       0x14 ./gecko_sdk_4.4.0/platform/peripheral/src/peripheral_sysrtc.o
                0x08001990                sl_hal_sysrtc_stop
 .text.sl_hal_sysrtc_enable
                0x080019a4       0x18 ./gecko_sdk_4.4.0/platform/peripheral/src/peripheral_sysrtc.o
                0x080019a4                sl_hal_sysrtc_enable
 .text.sl_hal_sysrtc_disable
                0x080019bc       0x1c ./gecko_sdk_4.4.0/platform/peripheral/src/peripheral_sysrtc.o
                0x080019bc                sl_hal_sysrtc_disable
 .text.sl_hal_sysrtc_init
                0x080019d8       0x20 ./gecko_sdk_4.4.0/platform/peripheral/src/peripheral_sysrtc.o
                0x080019d8                sl_hal_sysrtc_init
 .text.sl_hal_sysrtc_init_group
                0x080019f8       0x48 ./gecko_sdk_4.4.0/platform/peripheral/src/peripheral_sysrtc.o
                0x080019f8                sl_hal_sysrtc_init_group
 .text.sl_hal_sysrtc_enable_group_interrupts
                0x08001a40       0x1c ./gecko_sdk_4.4.0/platform/peripheral/src/peripheral_sysrtc.o
                0x08001a40                sl_hal_sysrtc_enable_group_interrupts
 .text.sl_hal_sysrtc_disable_group_interrupts
                0x08001a5c       0x1c ./gecko_sdk_4.4.0/platform/peripheral/src/peripheral_sysrtc.o
                0x08001a5c                sl_hal_sysrtc_disable_group_interrupts
 .text.sl_hal_sysrtc_clear_group_interrupts
                0x08001a78       0x1c ./gecko_sdk_4.4.0/platform/peripheral/src/peripheral_sysrtc.o
                0x08001a78                sl_hal_sysrtc_clear_group_interrupts
 .text.sl_hal_sysrtc_get_group_interrupts
                0x08001a94       0x20 ./gecko_sdk_4.4.0/platform/peripheral/src/peripheral_sysrtc.o
                0x08001a94                sl_hal_sysrtc_get_group_interrupts
 .text.sl_hal_sysrtc_get_group_compare_channel_value
                0x08001ab4       0x30 ./gecko_sdk_4.4.0/platform/peripheral/src/peripheral_sysrtc.o
                0x08001ab4                sl_hal_sysrtc_get_group_compare_channel_value
 .text.sl_hal_sysrtc_set_group_compare_channel_value
                0x08001ae4       0x28 ./gecko_sdk_4.4.0/platform/peripheral/src/peripheral_sysrtc.o
                0x08001ae4                sl_hal_sysrtc_set_group_compare_channel_value
 .text.sl_device_init_dcdc
                0x08001b0c       0x28 ./gecko_sdk_4.4.0/platform/service/device_init/src/sl_device_init_dcdc_s2.o
                0x08001b0c                sl_device_init_dcdc
 .text.sl_device_init_emu
                0x08001b34       0x24 ./gecko_sdk_4.4.0/platform/service/device_init/src/sl_device_init_emu_s2.o
                0x08001b34                sl_device_init_emu
 .text.sl_device_init_hfxo
                0x08001b58       0x70 ./gecko_sdk_4.4.0/platform/service/device_init/src/sl_device_init_hfxo_s2.o
                0x08001b58                sl_device_init_hfxo
 .text.sl_device_init_lfxo
                0x08001bc8       0x2c ./gecko_sdk_4.4.0/platform/service/device_init/src/sl_device_init_lfxo_s2.o
                0x08001bc8                sl_device_init_lfxo
 .text.sl_device_init_nvic
                0x08001bf4       0x3c ./gecko_sdk_4.4.0/platform/service/device_init/src/sl_device_init_nvic.o
                0x08001bf4                sl_device_init_nvic
 .text.delta_list_insert_timer
                0x08001c30       0x40 ./gecko_sdk_4.4.0/platform/service/sleeptimer/src/sl_sleeptimer.o
 .text.update_delta_list
                0x08001c70       0x34 ./gecko_sdk_4.4.0/platform/service/sleeptimer/src/sl_sleeptimer.o
 .text.set_comparator_for_next_timer
                0x08001ca4       0x5c ./gecko_sdk_4.4.0/platform/service/sleeptimer/src/sl_sleeptimer.o
 .text.create_timer
                0x08001d00       0x88 ./gecko_sdk_4.4.0/platform/service/sleeptimer/src/sl_sleeptimer.o
 .text.delta_list_remove_timer
                0x08001d88       0x38 ./gecko_sdk_4.4.0/platform/service/sleeptimer/src/sl_sleeptimer.o
 .text.sl_sleeptimer_init
                0x08001dc0       0x74 ./gecko_sdk_4.4.0/platform/service/sleeptimer/src/sl_sleeptimer.o
                0x08001dc0                sl_sleeptimer_init
 .text.sl_sleeptimer_is_timer_running
                0x08001e34       0x3c ./gecko_sdk_4.4.0/platform/service/sleeptimer/src/sl_sleeptimer.o
                0x08001e34                sl_sleeptimer_is_timer_running
 .text.sl_sleeptimer_ms32_to_tick
                0x08001e70       0x3c ./gecko_sdk_4.4.0/platform/service/sleeptimer/src/sl_sleeptimer.o
                0x08001e70                sl_sleeptimer_ms32_to_tick
 .text.sl_sleeptimer_start_periodic_timer_ms
                0x08001eac       0x78 ./gecko_sdk_4.4.0/platform/service/sleeptimer/src/sl_sleeptimer.o
                0x08001eac                sl_sleeptimer_start_periodic_timer_ms
 .text.process_timer_irq
                0x08001f24      0x150 ./gecko_sdk_4.4.0/platform/service/sleeptimer/src/sl_sleeptimer.o
                0x08001f24                process_timer_irq
 .text.sleeptimer_hal_init_timer
                0x08002074       0x64 ./gecko_sdk_4.4.0/platform/service/sleeptimer/src/sl_sleeptimer_hal_sysrtc.o
                0x08002074                sleeptimer_hal_init_timer
 .text.sleeptimer_hal_get_counter
                0x080020d8       0x10 ./gecko_sdk_4.4.0/platform/service/sleeptimer/src/sl_sleeptimer_hal_sysrtc.o
                0x080020d8                sleeptimer_hal_get_counter
 .text.sleeptimer_hal_set_compare
                0x080020e8       0x70 ./gecko_sdk_4.4.0/platform/service/sleeptimer/src/sl_sleeptimer_hal_sysrtc.o
                0x080020e8                sleeptimer_hal_set_compare
 .text.sleeptimer_hal_disable_int
                0x08002158       0x2c ./gecko_sdk_4.4.0/platform/service/sleeptimer/src/sl_sleeptimer_hal_sysrtc.o
                0x08002158                sleeptimer_hal_disable_int
 .text.sleeptimer_hal_set_int
                0x08002184       0x10 ./gecko_sdk_4.4.0/platform/service/sleeptimer/src/sl_sleeptimer_hal_sysrtc.o
                0x08002184                sleeptimer_hal_set_int
 .text          0x08002194       0x30 c:/siliconlabs/simplicitystudio/v5/developer/toolchains/gnu_arm/12.2.rel1_2023.7/bin/../lib/gcc/arm-none-eabi/12.2.1/thumb/v8-m.main+fp/hard\libgcc.a(_aeabi_uldivmod.o)
                0x08002194                __aeabi_uldivmod
 .text.__udivmoddi4
                0x080021c4      0x2ec c:/siliconlabs/simplicitystudio/v5/developer/toolchains/gnu_arm/12.2.rel1_2023.7/bin/../lib/gcc/arm-none-eabi/12.2.1/thumb/v8-m.main+fp/hard\libgcc.a(_udivmoddi4.o)
                0x080021c4                __udivmoddi4
 .text          0x080024b0        0x4 c:/siliconlabs/simplicitystudio/v5/developer/toolchains/gnu_arm/12.2.rel1_2023.7/bin/../lib/gcc/arm-none-eabi/12.2.1/thumb/v8-m.main+fp/hard\libgcc.a(_dvmd_tls.o)
                0x080024b0                __aeabi_idiv0
                0x080024b0                __aeabi_ldiv0
 .text.exit     0x080024b4       0x24 c:/siliconlabs/simplicitystudio/v5/developer/toolchains/gnu_arm/12.2.rel1_2023.7/bin/../lib/gcc/arm-none-eabi/12.2.1/thumb/v8-m.main+fp/hard\libc_nano.a(libc_a-exit.o)
                0x080024b4                exit
 .text.__libc_init_array
                0x080024d8       0x48 c:/siliconlabs/simplicitystudio/v5/developer/toolchains/gnu_arm/12.2.rel1_2023.7/bin/../lib/gcc/arm-none-eabi/12.2.1/thumb/v8-m.main+fp/hard\libc_nano.a(libc_a-init.o)
                0x080024d8                __libc_init_array
 .text.app_init
                0x08002520        0x4 ./app.o
                0x08002520                app_init
 .text.app_process_action
                0x08002524        0x4 ./app.o
                0x08002524                app_process_action
 .text.startup.main
                0x08002528       0x14 ./main.o
                0x08002528                main
 .text.sl_board_default_init
                0x0800253c        0x2 ./autogen/sl_board_default_init.o
                0x0800253c                sl_board_default_init
 .text.sl_driver_init
                0x0800253e        0x4 ./autogen/sl_event_handler.o
                0x0800253e                sl_driver_init
 .text.sl_service_init
                0x08002542        0xe ./autogen/sl_event_handler.o
                0x08002542                sl_service_init
 .text.sl_stack_init
                0x08002550        0x2 ./autogen/sl_event_handler.o
                0x08002550                sl_stack_init
 .text.sl_internal_app_init
                0x08002552        0x2 ./autogen/sl_event_handler.o
                0x08002552                sl_internal_app_init
 .text.sl_platform_process_action
                0x08002554        0x2 ./autogen/sl_event_handler.o
                0x08002554                sl_platform_process_action
 .text.sl_service_process_action
                0x08002556        0x2 ./autogen/sl_event_handler.o
                0x08002556                sl_service_process_action
 .text.sl_stack_process_action
                0x08002558        0x2 ./autogen/sl_event_handler.o
                0x08002558                sl_stack_process_action
 .text.sl_internal_app_process_action
                0x0800255a        0x2 ./autogen/sl_event_handler.o
                0x0800255a                sl_internal_app_process_action
 .text.sl_board_configure_vcom
                0x0800255c        0x4 ./gecko_sdk_4.4.0/hardware/board/src/sl_board_control_gpio.o
                0x0800255c                sl_board_configure_vcom
 .text.sl_board_init
                0x08002560       0x12 ./gecko_sdk_4.4.0/hardware/board/src/sl_board_init.o
                0x08002560                sl_board_init
 .text.sl_board_preinit
                0x08002572        0x8 ./gecko_sdk_4.4.0/hardware/board/src/sl_board_init.o
                0x08002572                sl_board_preinit
 .text.Default_Handler
                0x0800257a        0x2 ./gecko_sdk_4.4.0/platform/Device/SiliconLabs/EFM32PG23/Source/startup_efm32pg23.o
                0x0800257a                ULFRCO_IRQHandler
                0x0800257a                SW2_IRQHandler
                0x0800257a                TIMER2_IRQHandler
                0x0800257a                DebugMon_Handler
                0x0800257a                USART0_TX_IRQHandler
                0x0800257a                IADC_IRQHandler
                0x0800257a                EUSART0_TX_IRQHandler
                0x0800257a                I2C0_IRQHandler
                0x0800257a                LFXO_IRQHandler
                0x0800257a                VDAC_IRQHandler
                0x0800257a                HardFault_Handler
                0x0800257a                SMU_SECURE_IRQHandler
                0x0800257a                SysTick_Handler
                0x0800257a                SYSRTC_SEQ_IRQHandler
                0x0800257a                EMUEFP_IRQHandler
                0x0800257a                EUSART2_TX_IRQHandler
                0x0800257a                PendSV_Handler
                0x0800257a                NMI_Handler
                0x0800257a                HOSTMAILBOX_IRQHandler
                0x0800257a                HFXO0_IRQHandler
                0x0800257a                I2C1_IRQHandler
                0x0800257a                WDOG0_IRQHandler
                0x0800257a                TIMER3_IRQHandler
                0x0800257a                SYSCFG_IRQHandler
                0x0800257a                EMUDG_IRQHandler
                0x0800257a                MSC_IRQHandler
                0x0800257a                DPLL0_IRQHandler
                0x0800257a                UsageFault_Handler
                0x0800257a                WDOG1_IRQHandler
                0x0800257a                M33CTI1_IRQHandler
                0x0800257a                TIMER4_IRQHandler
                0x0800257a                GPIO_EVEN_IRQHandler
                0x0800257a                LDMA_IRQHandler
                0x0800257a                SEMBTX_IRQHandler
                0x0800257a                SW0_IRQHandler
                0x0800257a                TIMER0_IRQHandler
                0x0800257a                LCD_IRQHandler
                0x0800257a                LETIMER0_IRQHandler
                0x0800257a                EUSART1_RX_IRQHandler
                0x0800257a                TIMER1_IRQHandler
                0x0800257a                HFRCO0_IRQHandler
                0x0800257a                SecureFault_Handler
                0x0800257a                DCDC_IRQHandler
                0x0800257a                Default_Handler
                0x0800257a                EMU_IRQHandler
                0x0800257a                SW3_IRQHandler
                0x0800257a                KERNEL0_IRQHandler
                0x0800257a                PCNT0_IRQHandler
                0x0800257a                KERNEL1_IRQHandler
                0x0800257a                EUSART1_TX_IRQHandler
                0x0800257a                KEYSCAN_IRQHandler
                0x0800257a                sl_app_properties
                0x0800257a                HFRCOEM23_IRQHandler
                0x0800257a                BURTC_IRQHandler
                0x0800257a                SEMBRX_IRQHandler
                0x0800257a                LFRCO_IRQHandler
                0x0800257a                ACMP0_IRQHandler
                0x0800257a                USART0_RX_IRQHandler
                0x0800257a                MemManage_Handler
                0x0800257a                SVC_Handler
                0x0800257a                EUSART2_RX_IRQHandler
                0x0800257a                SMU_S_PRIVILEGED_IRQHandler
                0x0800257a                SW1_IRQHandler
                0x0800257a                CMU_IRQHandler
                0x0800257a                EUSART0_RX_IRQHandler
                0x0800257a                SETAMPERHOST_IRQHandler
                0x0800257a                GPIO_ODD_IRQHandler
                0x0800257a                LESENSE_IRQHandler
                0x0800257a                M33CTI0_IRQHandler
                0x0800257a                ICACHE0_IRQHandler
                0x0800257a                SMU_NS_PRIVILEGED_IRQHandler
                0x0800257a                FPUEXH_IRQHandler
                0x0800257a                ACMP1_IRQHandler
                0x0800257a                BusFault_Handler
                0x0800257a                MPAHBRAM_IRQHandler
 .text.FlashToRamCopy
                0x0800257c       0x16 ./gecko_sdk_4.4.0/platform/Device/SiliconLabs/EFM32PG23/Source/system_efm32pg23.o
                0x0800257c                FlashToRamCopy
 .text.SystemCLKIN0Get
                0x08002592        0x4 ./gecko_sdk_4.4.0/platform/Device/SiliconLabs/EFM32PG23/Source/system_efm32pg23.o
                0x08002592                SystemCLKIN0Get
 .text.SystemLFRCOClockGet
                0x08002596        0x6 ./gecko_sdk_4.4.0/platform/Device/SiliconLabs/EFM32PG23/Source/system_efm32pg23.o
                0x08002596                SystemLFRCOClockGet
 .text.SystemULFRCOClockGet
                0x0800259c        0x6 ./gecko_sdk_4.4.0/platform/Device/SiliconLabs/EFM32PG23/Source/system_efm32pg23.o
                0x0800259c                SystemULFRCOClockGet
 .text.assertEFM
                0x080025a2        0x2 ./gecko_sdk_4.4.0/platform/common/src/sl_assert.o
                0x080025a2                assertEFM
 .text._exit    0x080025a4        0x2 ./gecko_sdk_4.4.0/platform/common/src/sl_syscalls.o
                0x080025a4                _exit
 .text.sl_led_init
                0x080025a6        0x6 ./gecko_sdk_4.4.0/platform/driver/leddrv/src/sl_led.o
                0x080025a6                sl_led_init
 .text.sl_led_toggle
                0x080025ac        0x6 ./gecko_sdk_4.4.0/platform/driver/leddrv/src/sl_led.o
                0x080025ac                sl_led_toggle
 .text.sl_simple_led_init
                0x080025b2       0x22 ./gecko_sdk_4.4.0/platform/driver/leddrv/src/sl_simple_led.o
                0x080025b2                sl_simple_led_init
 .text.sl_simple_led_turn_on
                0x080025d4       0x12 ./gecko_sdk_4.4.0/platform/driver/leddrv/src/sl_simple_led.o
                0x080025d4                sl_simple_led_turn_on
 .text.sl_simple_led_turn_off
                0x080025e6       0x12 ./gecko_sdk_4.4.0/platform/driver/leddrv/src/sl_simple_led.o
                0x080025e6                sl_simple_led_turn_off
 .text.BUS_RegMaskedWrite
                0x080025f8       0x1e ./gecko_sdk_4.4.0/platform/emlib/src/em_cmu.o
 .text.waitStateMax
                0x08002616       0x10 ./gecko_sdk_4.4.0/platform/emlib/src/em_cmu.o
 .text.CMU_UpdateWaitStates
                0x08002626        0xc ./gecko_sdk_4.4.0/platform/emlib/src/em_cmu.o
                0x08002626                CMU_UpdateWaitStates
 .text.pclkDivMax
                0x08002632        0xa ./gecko_sdk_4.4.0/platform/emlib/src/em_cmu.o
 .text.sli_em_cmu_SYSCLKInitPreClockSelect
                0x0800263c       0x16 ./gecko_sdk_4.4.0/platform/emlib/src/em_cmu.o
                0x0800263c                sli_em_cmu_SYSCLKInitPreClockSelect
 .text.sli_em_cmu_SYSCLKInitPostClockSelect
                0x08002652       0x26 ./gecko_sdk_4.4.0/platform/emlib/src/em_cmu.o
                0x08002652                sli_em_cmu_SYSCLKInitPostClockSelect
 .text.CORE_EnterCritical
                0x08002678        0x8 ./gecko_sdk_4.4.0/platform/emlib/src/em_core.o
                0x08002678                CORE_EnterCritical
 .text.CORE_ExitCritical
                0x08002680        0x6 ./gecko_sdk_4.4.0/platform/emlib/src/em_core.o
                0x08002680                CORE_ExitCritical
 .text.CORE_EnterAtomic
                0x08002686        0xc ./gecko_sdk_4.4.0/platform/emlib/src/em_core.o
                0x08002686                CORE_EnterAtomic
 .text.CORE_ExitAtomic
                0x08002692        0x6 ./gecko_sdk_4.4.0/platform/emlib/src/em_core.o
                0x08002692                CORE_ExitAtomic
 .text.EMU_EFPEM01VScale
                0x08002698        0x2 ./gecko_sdk_4.4.0/platform/emlib/src/em_emu.o
                0x08002698                EMU_EFPEM01VScale
 .text.EMU_DCDCUpdatedHook
                0x0800269a        0x2 ./gecko_sdk_4.4.0/platform/emlib/src/em_emu.o
                0x0800269a                EMU_DCDCUpdatedHook
 .text.BUS_RegMaskedWrite
                0x0800269c       0x1e ./gecko_sdk_4.4.0/platform/emlib/src/em_gpio.o
 .text.sleeptimer_hal_get_compare
                0x080026ba        0x8 ./gecko_sdk_4.4.0/platform/service/sleeptimer/src/sl_sleeptimer_hal_sysrtc.o
                0x080026ba                sleeptimer_hal_get_compare
 .text.sleeptimer_hal_enable_int
                0x080026c2       0x12 ./gecko_sdk_4.4.0/platform/service/sleeptimer/src/sl_sleeptimer_hal_sysrtc.o
                0x080026c2                sleeptimer_hal_enable_int
 .text.SYSRTC_APP_IRQHandler
                0x080026d4       0x34 ./gecko_sdk_4.4.0/platform/service/sleeptimer/src/sl_sleeptimer_hal_sysrtc.o
                0x080026d4                SYSRTC_APP_IRQHandler
 .text.sleeptimer_hal_get_timer_frequency
                0x08002708        0x6 ./gecko_sdk_4.4.0/platform/service/sleeptimer/src/sl_sleeptimer_hal_sysrtc.o
                0x08002708                sleeptimer_hal_get_timer_frequency
 .text.sl_system_init
                0x0800270e       0x1a ./gecko_sdk_4.4.0/platform/service/system/src/sl_system_init.o
                0x0800270e                sl_system_init
 .text.sl_system_process_action
                0x08002728       0x16 ./gecko_sdk_4.4.0/platform/service/system/src/sl_system_process_action.o
                0x08002728                sl_system_process_action
 .text.memset   0x0800273e       0x10 c:/siliconlabs/simplicitystudio/v5/developer/toolchains/gnu_arm/12.2.rel1_2023.7/bin/../lib/gcc/arm-none-eabi/12.2.1/thumb/v8-m.main+fp/hard\libc_nano.a(libc_a-memset.o)
                0x0800273e                memset
                0x08002760                . = ALIGN (0x20)
 *fill*         0x0800274e       0x12 
                0x08002760                linker_code_end = .
 *(.init)
 .init          0x08002760        0x4 c:/siliconlabs/simplicitystudio/v5/developer/toolchains/gnu_arm/12.2.rel1_2023.7/bin/../lib/gcc/arm-none-eabi/12.2.1/thumb/v8-m.main+fp/hard/crti.o
                0x08002760                _init
 .init          0x08002764        0x8 c:/siliconlabs/simplicitystudio/v5/developer/toolchains/gnu_arm/12.2.rel1_2023.7/bin/../lib/gcc/arm-none-eabi/12.2.1/thumb/v8-m.main+fp/hard/crtn.o
 *(.fini)
 .fini          0x0800276c        0x4 c:/siliconlabs/simplicitystudio/v5/developer/toolchains/gnu_arm/12.2.rel1_2023.7/bin/../lib/gcc/arm-none-eabi/12.2.1/thumb/v8-m.main+fp/hard/crti.o
                0x0800276c                _fini
 .fini          0x08002770        0x8 c:/siliconlabs/simplicitystudio/v5/developer/toolchains/gnu_arm/12.2.rel1_2023.7/bin/../lib/gcc/arm-none-eabi/12.2.1/thumb/v8-m.main+fp/hard/crtn.o
 *crtbegin.o(.ctors)
 *crtbegin?.o(.ctors)
 *(EXCLUDE_FILE(*crtend.o *crtend?.o) .ctors)
 *(SORT_BY_NAME(.ctors.*))
 *(.ctors)
 *crtbegin.o(.dtors)
 *crtbegin?.o(.dtors)
 *(EXCLUDE_FILE(*crtend.o *crtend?.o) .dtors)
 *(SORT_BY_NAME(.dtors.*))
 *(.dtors)
                0x08002778                __code_classification_validator_start__ = .
                0x08002798                . = (. + 0x20)
 *fill*         0x08002778       0x20 
 *(code_classification_validator)
                0x080027a0                . = ALIGN (0x20)
 *fill*         0x08002798        0x8 
                0x080027a0                __code_classification_validator_end__ = .
 *(.rodata*)
 .rodata.sl_led_led0
                0x080027a0       0x18 ./autogen/sl_simple_led_instances.o
                0x080027a0                sl_led_led0
 .rodata.GPIO_PinOutClear.str1.1
                0x080027b8       0x63 ./gecko_sdk_4.4.0/platform/driver/leddrv/src/sl_simple_led.o
 *fill*         0x0800281b        0x1 
 .rodata.CSWTCH.18
                0x0800281c        0x8 ./gecko_sdk_4.4.0/platform/driver/leddrv/src/sl_simple_led.o
 .rodata.HFRCODPLLDevinfoGet.str1.1
                0x08002824       0x2f ./gecko_sdk_4.4.0/platform/emlib/src/em_cmu.o
 .rodata.EMU_VScaleEM01.str1.1
                0x08002853       0x2f ./gecko_sdk_4.4.0/platform/emlib/src/em_emu.o
 .rodata.GPIO_PinOutSet.str1.1
                0x08002882       0x63 ./gecko_sdk_4.4.0/platform/emlib/src/em_gpio.o
 .rodata.GPIO_ExtIntConfig.str1.1
                0x08002882       0x30 ./gecko_sdk_4.4.0/platform/emlib/src/em_gpio.o
 .rodata.CSWTCH.31
                0x080028b2        0x8 ./gecko_sdk_4.4.0/platform/emlib/src/em_gpio.o
 .rodata.sl_hal_sysrtc_init_group.str1.1
                0x080028ba       0x3f ./gecko_sdk_4.4.0/platform/peripheral/src/peripheral_sysrtc.o
 .rodata        0x080028f9        0x7 ./gecko_sdk_4.4.0/platform/service/device_init/src/sl_device_init_dcdc_s2.o
 .rodata        0x08002900       0x28 ./gecko_sdk_4.4.0/platform/service/device_init/src/sl_device_init_hfxo_s2.o
 .rodata        0x08002928       0x14 ./gecko_sdk_4.4.0/platform/service/device_init/src/sl_device_init_lfxo_s2.o
 .rodata.process_timer_irq.str1.1
                0x0800293c       0x43 ./gecko_sdk_4.4.0/platform/service/sleeptimer/src/sl_sleeptimer.o
 *(.eh_frame*)
 *fill*         0x0800297f        0x1 
 .eh_frame      0x08002980        0x0 c:/siliconlabs/simplicitystudio/v5/developer/toolchains/gnu_arm/12.2.rel1_2023.7/bin/../lib/gcc/arm-none-eabi/12.2.1/thumb/v8-m.main+fp/hard/crtbegin.o

.glue_7         0x08002980        0x0
 .glue_7        0x08002980        0x0 linker stubs

.glue_7t        0x08002980        0x0
 .glue_7t       0x08002980        0x0 linker stubs

.vfp11_veneer   0x08002980        0x0
 .vfp11_veneer  0x08002980        0x0 linker stubs

.v4_bx          0x08002980        0x0
 .v4_bx         0x08002980        0x0 linker stubs

.iplt           0x08002980        0x0
 .iplt          0x08002980        0x0 c:/siliconlabs/simplicitystudio/v5/developer/toolchains/gnu_arm/12.2.rel1_2023.7/bin/../lib/gcc/arm-none-eabi/12.2.1/thumb/v8-m.main+fp/hard/crtbegin.o

.ARM.extab
 *(.ARM.extab* .gnu.linkonce.armextab.*)
                0x08002980                __exidx_start = .

.ARM.exidx      0x08002980        0x8
 *(.ARM.exidx* .gnu.linkonce.armexidx.*)
 .ARM.exidx     0x08002980        0x8 c:/siliconlabs/simplicitystudio/v5/developer/toolchains/gnu_arm/12.2.rel1_2023.7/bin/../lib/gcc/arm-none-eabi/12.2.1/thumb/v8-m.main+fp/hard/crt0.o
                                 0x10 (size before relaxing)
 .ARM.exidx.text.__udivmoddi4
                0x08002988        0x0 c:/siliconlabs/simplicitystudio/v5/developer/toolchains/gnu_arm/12.2.rel1_2023.7/bin/../lib/gcc/arm-none-eabi/12.2.1/thumb/v8-m.main+fp/hard\libgcc.a(_udivmoddi4.o)
                                  0x8 (size before relaxing)
                0x08002988                __exidx_end = .

.rel.dyn        0x08002988        0x0
 .rel.iplt      0x08002988        0x0 c:/siliconlabs/simplicitystudio/v5/developer/toolchains/gnu_arm/12.2.rel1_2023.7/bin/../lib/gcc/arm-none-eabi/12.2.1/thumb/v8-m.main+fp/hard/crtbegin.o

.copy.table     0x08002988        0xc
                0x08002988                . = ALIGN (0x4)
                0x08002988                __copy_table_start__ = .
                0x08002988        0x4 LONG 0x8002994 __etext
                0x0800298c        0x4 LONG 0x20001000 __data_start__
                0x08002990        0x4 LONG 0x9 ((__data_end__ - __data_start__) / 0x4)
                0x08002994                __copy_table_end__ = .

.zero.table     0x08002994        0x0
                0x08002994                . = ALIGN (0x4)
                0x08002994                __zero_table_start__ = .
                0x08002994                __zero_table_end__ = .
                0x08002994                __etext = .
                0x20000000                . = ORIGIN (RAM)

.stack          0x20000000     0x1000
                0x20000000                __StackLimit = .
 *(.stack*)
 .stack         0x20000000     0x1000 ./gecko_sdk_4.4.0/platform/common/toolchain/src/sl_memory.o
                0x20001000                . = ALIGN (0x4)
                0x20001000                __StackTop = .
                0x20001000                PROVIDE (__stack = __StackTop)

.noinit
 *(.noinit*)

.data           0x20001000       0x24 load address 0x08002994
                0x20001000                . = ALIGN (0x4)
                0x20001000                __data_start__ = .
 *(vtable)
 *(SORT_BY_ALIGNMENT(.data*))
 .data.SystemCoreClock
                0x20001000        0x4 ./gecko_sdk_4.4.0/platform/Device/SiliconLabs/EFM32PG23/Source/system_efm32pg23.o
                0x20001000                SystemCoreClock
 .data.SystemHFRCODPLLClock
                0x20001004        0x4 ./gecko_sdk_4.4.0/platform/Device/SiliconLabs/EFM32PG23/Source/system_efm32pg23.o
 .data.SystemLFXOClock
                0x20001008        0x4 ./gecko_sdk_4.4.0/platform/Device/SiliconLabs/EFM32PG23/Source/system_efm32pg23.o
 .data.SystemHFXOClock
                0x2000100c        0x4 ./gecko_sdk_4.4.0/platform/Device/SiliconLabs/EFM32PG23/Source/system_efm32pg23.o
 .data.hfxo_precision
                0x20001010        0x2 ./gecko_sdk_4.4.0/platform/emlib/src/em_cmu.o
 .data.lfxo_precision
                0x20001012        0x2 ./gecko_sdk_4.4.0/platform/emlib/src/em_cmu.o
 .data.simple_led0_context
                0x20001014        0x3 ./autogen/sl_simple_led_instances.o
                0x20001014                simple_led0_context
 .data.ctuneDelta
                0x20001017        0x1 ./gecko_sdk_4.4.0/platform/emlib/src/em_cmu.o
 .data.cc_disabled
                0x20001018        0x1 ./gecko_sdk_4.4.0/platform/service/sleeptimer/src/sl_sleeptimer_hal_sysrtc.o
                0x2000101c                . = ALIGN (0x4)
 *fill*         0x20001019        0x3 
                [!provide]                PROVIDE (__ram_func_section_start = .)
 *(.ram)
                [!provide]                PROVIDE (__ram_func_section_end = .)
                0x2000101c                . = ALIGN (0x4)
                0x2000101c                PROVIDE (__preinit_array_start = .)
 *(.preinit_array)
                0x2000101c                PROVIDE (__preinit_array_end = .)
                0x2000101c                . = ALIGN (0x4)
                0x2000101c                PROVIDE (__init_array_start = .)
 *(SORT_BY_NAME(.init_array.*))
 *(.init_array)
 .init_array    0x2000101c        0x4 c:/siliconlabs/simplicitystudio/v5/developer/toolchains/gnu_arm/12.2.rel1_2023.7/bin/../lib/gcc/arm-none-eabi/12.2.1/thumb/v8-m.main+fp/hard/crtbegin.o
                0x20001020                PROVIDE (__init_array_end = .)
                0x20001020                . = ALIGN (0x4)
                [!provide]                PROVIDE (__fini_array_start = .)
 *(SORT_BY_NAME(.fini_array.*))
 *(.fini_array)
 .fini_array    0x20001020        0x4 c:/siliconlabs/simplicitystudio/v5/developer/toolchains/gnu_arm/12.2.rel1_2023.7/bin/../lib/gcc/arm-none-eabi/12.2.1/thumb/v8-m.main+fp/hard/crtbegin.o
                [!provide]                PROVIDE (__fini_array_end = .)
                0x20001024                . = ALIGN (0x4)
                0x20001024                __data_end__ = .

.tm_clone_table
                0x20001024        0x0 load address 0x080029b8
 .tm_clone_table
                0x20001024        0x0 c:/siliconlabs/simplicitystudio/v5/developer/toolchains/gnu_arm/12.2.rel1_2023.7/bin/../lib/gcc/arm-none-eabi/12.2.1/thumb/v8-m.main+fp/hard/crtbegin.o
 .tm_clone_table
                0x20001024        0x0 c:/siliconlabs/simplicitystudio/v5/developer/toolchains/gnu_arm/12.2.rel1_2023.7/bin/../lib/gcc/arm-none-eabi/12.2.1/thumb/v8-m.main+fp/hard/crtend.o

.igot.plt       0x20001024        0x0 load address 0x080029b8
 .igot.plt      0x20001024        0x0 c:/siliconlabs/simplicitystudio/v5/developer/toolchains/gnu_arm/12.2.rel1_2023.7/bin/../lib/gcc/arm-none-eabi/12.2.1/thumb/v8-m.main+fp/hard/crtbegin.o

.bss            0x20001024       0x54 load address 0x080029b8
                0x20001024                . = ALIGN (0x4)
                0x20001024                __bss_start__ = .
 *(SORT_BY_ALIGNMENT(.bss*))
 .bss.object.0  0x20001024       0x18 c:/siliconlabs/simplicitystudio/v5/developer/toolchains/gnu_arm/12.2.rel1_2023.7/bin/../lib/gcc/arm-none-eabi/12.2.1/thumb/v8-m.main+fp/hard/crtbegin.o
 .bss.timer     0x2000103c       0x20 ./blink.o
                0x2000103c                timer
 .bss.max_millisecond_conversion
                0x2000105c        0x4 ./gecko_sdk_4.4.0/platform/service/sleeptimer/src/sl_sleeptimer.o
 .bss.last_delta_update_count
                0x20001060        0x4 ./gecko_sdk_4.4.0/platform/service/sleeptimer/src/sl_sleeptimer.o
 .bss.timer_head
                0x20001064        0x4 ./gecko_sdk_4.4.0/platform/service/sleeptimer/src/sl_sleeptimer.o
 .bss.timer_frequency
                0x20001068        0x4 ./gecko_sdk_4.4.0/platform/service/sleeptimer/src/sl_sleeptimer.o
 .bss.__stdio_exit_handler
                0x2000106c        0x4 c:/siliconlabs/simplicitystudio/v5/developer/toolchains/gnu_arm/12.2.rel1_2023.7/bin/../lib/gcc/arm-none-eabi/12.2.1/thumb/v8-m.main+fp/hard\libc_nano.a(libc_a-findfp.o)
                0x2000106c                __stdio_exit_handler
 .bss.overflow_counter
                0x20001070        0x2 ./gecko_sdk_4.4.0/platform/service/sleeptimer/src/sl_sleeptimer.o
 .bss.completed.1
                0x20001072        0x1 c:/siliconlabs/simplicitystudio/v5/developer/toolchains/gnu_arm/12.2.rel1_2023.7/bin/../lib/gcc/arm-none-eabi/12.2.1/thumb/v8-m.main+fp/hard/crtbegin.o
 .bss.toggle_timeout
                0x20001073        0x1 ./blink.o
                0x20001073                toggle_timeout
 .bss.vScaleEM01Config
                0x20001074        0x1 ./gecko_sdk_4.4.0/platform/emlib/src/em_emu.o
 .bss.sleep_on_isr_exit
                0x20001075        0x1 ./gecko_sdk_4.4.0/platform/service/sleeptimer/src/sl_sleeptimer.o
 .bss.next_timer_to_expire_is_power_manager
                0x20001076        0x1 ./gecko_sdk_4.4.0/platform/service/sleeptimer/src/sl_sleeptimer.o
 .bss.is_sleeptimer_initialized
                0x20001077        0x1 ./gecko_sdk_4.4.0/platform/service/sleeptimer/src/sl_sleeptimer.o
 *(COMMON)
                0x20001078                . = ALIGN (0x4)
                0x20001078                __bss_end__ = .
                0x20001078                __ramfuncs_start__ = .
                0x20001078                __vma_ramfuncs_start__ = .
                0x080029b8                __lma_ramfuncs_start__ = (__etext + SIZEOF (.data))
                0x00000000                __text_application_ram_offset__ = (. - __vma_ramfuncs_start__)

text_application_ram
                0x20001078        0x0 load address 0x080029b8
                0x20001078                . = ALIGN (0x4)
                0x20001078                __text_application_ram_start__ = .
 *(text_application_ram)
                0x20001078                . = ALIGN (0x4)
                0x20001078                __text_application_ram_end__ = .
                0x20001078                . = ALIGN (0x4)
                0x20001078                __vma_ramfuncs_end__ = .
                0x080029b8                __lma_ramfuncs_end__ = ((__lma_ramfuncs_start__ + __text_application_ram_offset__) + SIZEOF (text_application_ram))
                0x20001078                __ramfuncs_end__ = .

.heap           0x20001078      0x800
                0x20001078                __HeapBase = .
                0x20001078                __end__ = .
                0x20001078                end = __end__
                0x20001078                _end = __end__
 *(.heap*)
 .heap          0x20001078      0x800 ./gecko_sdk_4.4.0/platform/common/toolchain/src/sl_memory.o
                0x20010000                __HeapLimit = (ORIGIN (RAM) + LENGTH (RAM))
                0x0000ef88                __heap_size = (__HeapLimit - __HeapBase)
                0x20010000                __ram_end__ = 0x20010000
                0x0807e000                __main_flash_end__ = 0x807e000

.internal_storage
 *(.internal_storage*)

.nvm
 *(.simee*)
                0x0807e000                linker_nvm_end = __main_flash_end__
                0x0807e000                linker_nvm_begin = (linker_nvm_end - SIZEOF (.nvm))
                0x00000000                linker_nvm_size = SIZEOF (.nvm)
                0x0807e000                linker_storage_end = linker_nvm_begin
                0x0807e000                __nvm3Base = linker_nvm_begin
                0x0807e000                linker_storage_begin = (linker_storage_end - SIZEOF (.internal_storage))
                0x00000000                linker_storage_size = SIZEOF (.internal_storage)
                0x00000001                ASSERT ((linker_storage_begin >= (__etext + SIZEOF (.data))), FLASH memory overflowed !)
                0x0807e000                app_flash_end = 0x807e000
                0x00000001                ASSERT (((linker_nvm_begin + SIZEOF (.nvm)) <= app_flash_end), NVM3 is excessing the flash size !)
OUTPUT(init_test.axf elf32-littlearm)
LOAD linker stubs

.ARM.attributes
                0x00000000       0x36
 .ARM.attributes
                0x00000000       0x26 c:/siliconlabs/simplicitystudio/v5/developer/toolchains/gnu_arm/12.2.rel1_2023.7/bin/../lib/gcc/arm-none-eabi/12.2.1/thumb/v8-m.main+fp/hard/crti.o
 .ARM.attributes
                0x00000026       0x38 c:/siliconlabs/simplicitystudio/v5/developer/toolchains/gnu_arm/12.2.rel1_2023.7/bin/../lib/gcc/arm-none-eabi/12.2.1/thumb/v8-m.main+fp/hard/crtbegin.o
 .ARM.attributes
                0x0000005e       0x24 c:/siliconlabs/simplicitystudio/v5/developer/toolchains/gnu_arm/12.2.rel1_2023.7/bin/../lib/gcc/arm-none-eabi/12.2.1/thumb/v8-m.main+fp/hard/crt0.o
 .ARM.attributes
                0x00000082       0x3a ./app.o
 .ARM.attributes
                0x000000bc       0x3a ./blink.o
 .ARM.attributes
                0x000000f6       0x3a ./main.o
 .ARM.attributes
                0x00000130       0x3a ./autogen/sl_board_default_init.o
 .ARM.attributes
                0x0000016a       0x3a ./autogen/sl_device_init_clocks.o
 .ARM.attributes
                0x000001a4       0x3a ./autogen/sl_event_handler.o
 .ARM.attributes
                0x000001de       0x3a ./autogen/sl_simple_led_instances.o
 .ARM.attributes
                0x00000218       0x3a ./gecko_sdk_4.4.0/hardware/board/src/sl_board_control_gpio.o
 .ARM.attributes
                0x00000252       0x3a ./gecko_sdk_4.4.0/hardware/board/src/sl_board_init.o
 .ARM.attributes
                0x0000028c       0x3a ./gecko_sdk_4.4.0/platform/Device/SiliconLabs/EFM32PG23/Source/startup_efm32pg23.o
 .ARM.attributes
                0x000002c6       0x3a ./gecko_sdk_4.4.0/platform/Device/SiliconLabs/EFM32PG23/Source/system_efm32pg23.o
 .ARM.attributes
                0x00000300       0x3a ./gecko_sdk_4.4.0/platform/common/src/sl_assert.o
 .ARM.attributes
                0x0000033a       0x3a ./gecko_sdk_4.4.0/platform/common/src/sl_syscalls.o
 .ARM.attributes
                0x00000374       0x3a ./gecko_sdk_4.4.0/platform/common/toolchain/src/sl_memory.o
 .ARM.attributes
                0x000003ae       0x3a ./gecko_sdk_4.4.0/platform/driver/leddrv/src/sl_led.o
 .ARM.attributes
                0x000003e8       0x3a ./gecko_sdk_4.4.0/platform/driver/leddrv/src/sl_simple_led.o
 .ARM.attributes
                0x00000422       0x3a ./gecko_sdk_4.4.0/platform/emlib/src/em_cmu.o
 .ARM.attributes
                0x0000045c       0x3a ./gecko_sdk_4.4.0/platform/emlib/src/em_core.o
 .ARM.attributes
                0x00000496       0x3a ./gecko_sdk_4.4.0/platform/emlib/src/em_emu.o
 .ARM.attributes
                0x000004d0       0x3a ./gecko_sdk_4.4.0/platform/emlib/src/em_gpio.o
 .ARM.attributes
                0x0000050a       0x3a ./gecko_sdk_4.4.0/platform/peripheral/src/peripheral_sysrtc.o
 .ARM.attributes
                0x00000544       0x3a ./gecko_sdk_4.4.0/platform/service/device_init/src/sl_device_init_dcdc_s2.o
 .ARM.attributes
                0x0000057e       0x3a ./gecko_sdk_4.4.0/platform/service/device_init/src/sl_device_init_emu_s2.o
 .ARM.attributes
                0x000005b8       0x3a ./gecko_sdk_4.4.0/platform/service/device_init/src/sl_device_init_hfxo_s2.o
 .ARM.attributes
                0x000005f2       0x3a ./gecko_sdk_4.4.0/platform/service/device_init/src/sl_device_init_lfxo_s2.o
 .ARM.attributes
                0x0000062c       0x3a ./gecko_sdk_4.4.0/platform/service/device_init/src/sl_device_init_nvic.o
 .ARM.attributes
                0x00000666       0x3a ./gecko_sdk_4.4.0/platform/service/sleeptimer/src/sl_sleeptimer.o
 .ARM.attributes
                0x000006a0       0x3a ./gecko_sdk_4.4.0/platform/service/sleeptimer/src/sl_sleeptimer_hal_sysrtc.o
 .ARM.attributes
                0x000006da       0x3a ./gecko_sdk_4.4.0/platform/service/system/src/sl_system_init.o
 .ARM.attributes
                0x00000714       0x3a ./gecko_sdk_4.4.0/platform/service/system/src/sl_system_process_action.o
 .ARM.attributes
                0x0000074e       0x26 c:/siliconlabs/simplicitystudio/v5/developer/toolchains/gnu_arm/12.2.rel1_2023.7/bin/../lib/gcc/arm-none-eabi/12.2.1/thumb/v8-m.main+fp/hard\libgcc.a(_aeabi_uldivmod.o)
 .ARM.attributes
                0x00000774       0x38 c:/siliconlabs/simplicitystudio/v5/developer/toolchains/gnu_arm/12.2.rel1_2023.7/bin/../lib/gcc/arm-none-eabi/12.2.1/thumb/v8-m.main+fp/hard\libgcc.a(_udivmoddi4.o)
 .ARM.attributes
                0x000007ac       0x26 c:/siliconlabs/simplicitystudio/v5/developer/toolchains/gnu_arm/12.2.rel1_2023.7/bin/../lib/gcc/arm-none-eabi/12.2.1/thumb/v8-m.main+fp/hard\libgcc.a(_dvmd_tls.o)
 .ARM.attributes
                0x000007d2       0x38 c:/siliconlabs/simplicitystudio/v5/developer/toolchains/gnu_arm/12.2.rel1_2023.7/bin/../lib/gcc/arm-none-eabi/12.2.1/thumb/v8-m.main+fp/hard\libc_nano.a(libc_a-exit.o)
 .ARM.attributes
                0x0000080a       0x38 c:/siliconlabs/simplicitystudio/v5/developer/toolchains/gnu_arm/12.2.rel1_2023.7/bin/../lib/gcc/arm-none-eabi/12.2.1/thumb/v8-m.main+fp/hard\libc_nano.a(libc_a-findfp.o)
 .ARM.attributes
                0x00000842       0x38 c:/siliconlabs/simplicitystudio/v5/developer/toolchains/gnu_arm/12.2.rel1_2023.7/bin/../lib/gcc/arm-none-eabi/12.2.1/thumb/v8-m.main+fp/hard\libc_nano.a(libc_a-memset.o)
 .ARM.attributes
                0x0000087a       0x38 c:/siliconlabs/simplicitystudio/v5/developer/toolchains/gnu_arm/12.2.rel1_2023.7/bin/../lib/gcc/arm-none-eabi/12.2.1/thumb/v8-m.main+fp/hard\libc_nano.a(libc_a-init.o)
 .ARM.attributes
                0x000008b2       0x38 c:/siliconlabs/simplicitystudio/v5/developer/toolchains/gnu_arm/12.2.rel1_2023.7/bin/../lib/gcc/arm-none-eabi/12.2.1/thumb/v8-m.main+fp/hard/crtend.o
 .ARM.attributes
                0x000008ea       0x26 c:/siliconlabs/simplicitystudio/v5/developer/toolchains/gnu_arm/12.2.rel1_2023.7/bin/../lib/gcc/arm-none-eabi/12.2.1/thumb/v8-m.main+fp/hard/crtn.o

.comment        0x00000000       0x45
 .comment       0x00000000       0x45 ./app.o
                                 0x46 (size before relaxing)
 .comment       0x00000045       0x46 ./blink.o
 .comment       0x00000045       0x46 ./main.o
 .comment       0x00000045       0x46 ./autogen/sl_board_default_init.o
 .comment       0x00000045       0x46 ./autogen/sl_device_init_clocks.o
 .comment       0x00000045       0x46 ./autogen/sl_event_handler.o
 .comment       0x00000045       0x46 ./autogen/sl_simple_led_instances.o
 .comment       0x00000045       0x46 ./gecko_sdk_4.4.0/hardware/board/src/sl_board_control_gpio.o
 .comment       0x00000045       0x46 ./gecko_sdk_4.4.0/hardware/board/src/sl_board_init.o
 .comment       0x00000045       0x46 ./gecko_sdk_4.4.0/platform/Device/SiliconLabs/EFM32PG23/Source/startup_efm32pg23.o
 .comment       0x00000045       0x46 ./gecko_sdk_4.4.0/platform/Device/SiliconLabs/EFM32PG23/Source/system_efm32pg23.o
 .comment       0x00000045       0x46 ./gecko_sdk_4.4.0/platform/common/src/sl_assert.o
 .comment       0x00000045       0x46 ./gecko_sdk_4.4.0/platform/common/src/sl_syscalls.o
 .comment       0x00000045       0x46 ./gecko_sdk_4.4.0/platform/common/toolchain/src/sl_memory.o
 .comment       0x00000045       0x46 ./gecko_sdk_4.4.0/platform/driver/leddrv/src/sl_led.o
 .comment       0x00000045       0x46 ./gecko_sdk_4.4.0/platform/driver/leddrv/src/sl_simple_led.o
 .comment       0x00000045       0x46 ./gecko_sdk_4.4.0/platform/emlib/src/em_cmu.o
 .comment       0x00000045       0x46 ./gecko_sdk_4.4.0/platform/emlib/src/em_core.o
 .comment       0x00000045       0x46 ./gecko_sdk_4.4.0/platform/emlib/src/em_emu.o
 .comment       0x00000045       0x46 ./gecko_sdk_4.4.0/platform/emlib/src/em_gpio.o
 .comment       0x00000045       0x46 ./gecko_sdk_4.4.0/platform/peripheral/src/peripheral_sysrtc.o
 .comment       0x00000045       0x46 ./gecko_sdk_4.4.0/platform/service/device_init/src/sl_device_init_dcdc_s2.o
 .comment       0x00000045       0x46 ./gecko_sdk_4.4.0/platform/service/device_init/src/sl_device_init_emu_s2.o
 .comment       0x00000045       0x46 ./gecko_sdk_4.4.0/platform/service/device_init/src/sl_device_init_hfxo_s2.o
 .comment       0x00000045       0x46 ./gecko_sdk_4.4.0/platform/service/device_init/src/sl_device_init_lfxo_s2.o
 .comment       0x00000045       0x46 ./gecko_sdk_4.4.0/platform/service/device_init/src/sl_device_init_nvic.o
 .comment       0x00000045       0x46 ./gecko_sdk_4.4.0/platform/service/sleeptimer/src/sl_sleeptimer.o
 .comment       0x00000045       0x46 ./gecko_sdk_4.4.0/platform/service/sleeptimer/src/sl_sleeptimer_hal_sysrtc.o
 .comment       0x00000045       0x46 ./gecko_sdk_4.4.0/platform/service/system/src/sl_system_init.o
 .comment       0x00000045       0x46 ./gecko_sdk_4.4.0/platform/service/system/src/sl_system_process_action.o

.debug_line_str
                0x00000000      0x1c0
 .debug_line_str
                0x00000000       0xe7 c:/siliconlabs/simplicitystudio/v5/developer/toolchains/gnu_arm/12.2.rel1_2023.7/bin/../lib/gcc/arm-none-eabi/12.2.1/thumb/v8-m.main+fp/hard/crt0.o
 .debug_line_str
                0x000000e7       0xcd c:/siliconlabs/simplicitystudio/v5/developer/toolchains/gnu_arm/12.2.rel1_2023.7/bin/../lib/gcc/arm-none-eabi/12.2.1/thumb/v8-m.main+fp/hard\libgcc.a(_aeabi_uldivmod.o)
 .debug_line_str
                0x000001b4        0xc c:/siliconlabs/simplicitystudio/v5/developer/toolchains/gnu_arm/12.2.rel1_2023.7/bin/../lib/gcc/arm-none-eabi/12.2.1/thumb/v8-m.main+fp/hard\libgcc.a(_dvmd_tls.o)
                                 0xd1 (size before relaxing)

.debug_info     0x00000000    0x20074
 .debug_info    0x00000000       0x86 ./app.o
 .debug_info    0x00000086      0x38f ./blink.o
 .debug_info    0x00000415       0xa1 ./main.o
 .debug_info    0x000004b6       0x86 ./autogen/sl_board_default_init.o
 .debug_info    0x0000053c     0x1405 ./autogen/sl_device_init_clocks.o
 .debug_info    0x00001941     0x15cc ./autogen/sl_event_handler.o
 .debug_info    0x00002f0d      0x2fa ./autogen/sl_simple_led_instances.o
 .debug_info    0x00003207      0x519 ./gecko_sdk_4.4.0/hardware/board/src/sl_board_control_gpio.o
 .debug_info    0x00003720      0x2f5 ./gecko_sdk_4.4.0/hardware/board/src/sl_board_init.o
 .debug_info    0x00003a15      0x3a9 ./gecko_sdk_4.4.0/platform/Device/SiliconLabs/EFM32PG23/Source/startup_efm32pg23.o
 .debug_info    0x00003dbe     0x2420 ./gecko_sdk_4.4.0/platform/Device/SiliconLabs/EFM32PG23/Source/system_efm32pg23.o
 .debug_info    0x000061de       0x86 ./gecko_sdk_4.4.0/platform/common/src/sl_assert.o
 .debug_info    0x00006264      0x306 ./gecko_sdk_4.4.0/platform/common/src/sl_syscalls.o
 .debug_info    0x0000656a      0x205 ./gecko_sdk_4.4.0/platform/common/toolchain/src/sl_memory.o
 .debug_info    0x0000676f      0x25e ./gecko_sdk_4.4.0/platform/driver/leddrv/src/sl_led.o
 .debug_info    0x000069cd     0x1d6e ./gecko_sdk_4.4.0/platform/driver/leddrv/src/sl_simple_led.o
 .debug_info    0x0000873b     0xa222 ./gecko_sdk_4.4.0/platform/emlib/src/em_cmu.o
 .debug_info    0x0001295d     0x13ce ./gecko_sdk_4.4.0/platform/emlib/src/em_core.o
 .debug_info    0x00013d2b     0x396c ./gecko_sdk_4.4.0/platform/emlib/src/em_emu.o
 .debug_info    0x00017697     0x27d7 ./gecko_sdk_4.4.0/platform/emlib/src/em_gpio.o
 .debug_info    0x00019e6e      0xde0 ./gecko_sdk_4.4.0/platform/peripheral/src/peripheral_sysrtc.o
 .debug_info    0x0001ac4e      0x347 ./gecko_sdk_4.4.0/platform/service/device_init/src/sl_device_init_dcdc_s2.o
 .debug_info    0x0001af95      0xb44 ./gecko_sdk_4.4.0/platform/service/device_init/src/sl_device_init_emu_s2.o
 .debug_info    0x0001bad9      0x8b8 ./gecko_sdk_4.4.0/platform/service/device_init/src/sl_device_init_hfxo_s2.o
 .debug_info    0x0001c391      0x29e ./gecko_sdk_4.4.0/platform/service/device_init/src/sl_device_init_lfxo_s2.o
 .debug_info    0x0001c62f      0x7ff ./gecko_sdk_4.4.0/platform/service/device_init/src/sl_device_init_nvic.o
 .debug_info    0x0001ce2e     0x1a5f ./gecko_sdk_4.4.0/platform/service/sleeptimer/src/sl_sleeptimer.o
 .debug_info    0x0001e88d     0x16ad ./gecko_sdk_4.4.0/platform/service/sleeptimer/src/sl_sleeptimer_hal_sysrtc.o
 .debug_info    0x0001ff3a       0xa7 ./gecko_sdk_4.4.0/platform/service/system/src/sl_system_init.o
 .debug_info    0x0001ffe1       0x93 ./gecko_sdk_4.4.0/platform/service/system/src/sl_system_process_action.o

.debug_abbrev   0x00000000     0x384a
 .debug_abbrev  0x00000000       0x6d ./app.o
 .debug_abbrev  0x0000006d      0x182 ./blink.o
 .debug_abbrev  0x000001ef       0x5d ./main.o
 .debug_abbrev  0x0000024c       0x46 ./autogen/sl_board_default_init.o
 .debug_abbrev  0x00000292       0xde ./autogen/sl_device_init_clocks.o
 .debug_abbrev  0x00000370      0x1a3 ./autogen/sl_event_handler.o
 .debug_abbrev  0x00000513      0x150 ./autogen/sl_simple_led_instances.o
 .debug_abbrev  0x00000663      0x1af ./gecko_sdk_4.4.0/hardware/board/src/sl_board_control_gpio.o
 .debug_abbrev  0x00000812      0x10b ./gecko_sdk_4.4.0/hardware/board/src/sl_board_init.o
 .debug_abbrev  0x0000091d      0x22e ./gecko_sdk_4.4.0/platform/Device/SiliconLabs/EFM32PG23/Source/startup_efm32pg23.o
 .debug_abbrev  0x00000b4b      0x34d ./gecko_sdk_4.4.0/platform/Device/SiliconLabs/EFM32PG23/Source/system_efm32pg23.o
 .debug_abbrev  0x00000e98       0x6c ./gecko_sdk_4.4.0/platform/common/src/sl_assert.o
 .debug_abbrev  0x00000f04      0x143 ./gecko_sdk_4.4.0/platform/common/src/sl_syscalls.o
 .debug_abbrev  0x00001047      0x11e ./gecko_sdk_4.4.0/platform/common/toolchain/src/sl_memory.o
 .debug_abbrev  0x00001165       0xfd ./gecko_sdk_4.4.0/platform/driver/leddrv/src/sl_led.o
 .debug_abbrev  0x00001262      0x2e5 ./gecko_sdk_4.4.0/platform/driver/leddrv/src/sl_simple_led.o
 .debug_abbrev  0x00001547      0x5a1 ./gecko_sdk_4.4.0/platform/emlib/src/em_cmu.o
 .debug_abbrev  0x00001ae8      0x32f ./gecko_sdk_4.4.0/platform/emlib/src/em_core.o
 .debug_abbrev  0x00001e17      0x4c1 ./gecko_sdk_4.4.0/platform/emlib/src/em_emu.o
 .debug_abbrev  0x000022d8      0x32f ./gecko_sdk_4.4.0/platform/emlib/src/em_gpio.o
 .debug_abbrev  0x00002607      0x282 ./gecko_sdk_4.4.0/platform/peripheral/src/peripheral_sysrtc.o
 .debug_abbrev  0x00002889       0xf8 ./gecko_sdk_4.4.0/platform/service/device_init/src/sl_device_init_dcdc_s2.o
 .debug_abbrev  0x00002981      0x149 ./gecko_sdk_4.4.0/platform/service/device_init/src/sl_device_init_emu_s2.o
 .debug_abbrev  0x00002aca      0x196 ./gecko_sdk_4.4.0/platform/service/device_init/src/sl_device_init_hfxo_s2.o
 .debug_abbrev  0x00002c60      0x105 ./gecko_sdk_4.4.0/platform/service/device_init/src/sl_device_init_lfxo_s2.o
 .debug_abbrev  0x00002d65      0x14b ./gecko_sdk_4.4.0/platform/service/device_init/src/sl_device_init_nvic.o
 .debug_abbrev  0x00002eb0      0x495 ./gecko_sdk_4.4.0/platform/service/sleeptimer/src/sl_sleeptimer.o
 .debug_abbrev  0x00003345      0x44d ./gecko_sdk_4.4.0/platform/service/sleeptimer/src/sl_sleeptimer_hal_sysrtc.o
 .debug_abbrev  0x00003792       0x5c ./gecko_sdk_4.4.0/platform/service/system/src/sl_system_init.o
 .debug_abbrev  0x000037ee       0x5c ./gecko_sdk_4.4.0/platform/service/system/src/sl_system_process_action.o

.debug_aranges  0x00000000      0xbb8
 .debug_aranges
                0x00000000       0x28 ./app.o
 .debug_aranges
                0x00000028       0x30 ./blink.o
 .debug_aranges
                0x00000058       0x20 ./main.o
 .debug_aranges
                0x00000078       0x20 ./autogen/sl_board_default_init.o
 .debug_aranges
                0x00000098       0x20 ./autogen/sl_device_init_clocks.o
 .debug_aranges
                0x000000b8       0x60 ./autogen/sl_event_handler.o
 .debug_aranges
                0x00000118       0x20 ./autogen/sl_simple_led_instances.o
 .debug_aranges
                0x00000138       0x70 ./gecko_sdk_4.4.0/hardware/board/src/sl_board_control_gpio.o
 .debug_aranges
                0x000001a8       0x28 ./gecko_sdk_4.4.0/hardware/board/src/sl_board_init.o
 .debug_aranges
                0x000001d0       0x30 ./gecko_sdk_4.4.0/platform/Device/SiliconLabs/EFM32PG23/Source/startup_efm32pg23.o
 .debug_aranges
                0x00000200       0x98 ./gecko_sdk_4.4.0/platform/Device/SiliconLabs/EFM32PG23/Source/system_efm32pg23.o
 .debug_aranges
                0x00000298       0x20 ./gecko_sdk_4.4.0/platform/common/src/sl_assert.o
 .debug_aranges
                0x000002b8       0x68 ./gecko_sdk_4.4.0/platform/common/src/sl_syscalls.o
 .debug_aranges
                0x00000320       0x30 ./gecko_sdk_4.4.0/platform/common/toolchain/src/sl_memory.o
 .debug_aranges
                0x00000350       0x40 ./gecko_sdk_4.4.0/platform/driver/leddrv/src/sl_led.o
 .debug_aranges
                0x00000390       0x50 ./gecko_sdk_4.4.0/platform/driver/leddrv/src/sl_simple_led.o
 .debug_aranges
                0x000003e0      0x1f0 ./gecko_sdk_4.4.0/platform/emlib/src/em_cmu.o
 .debug_aranges
                0x000005d0       0xe8 ./gecko_sdk_4.4.0/platform/emlib/src/em_core.o
 .debug_aranges
                0x000006b8      0x138 ./gecko_sdk_4.4.0/platform/emlib/src/em_emu.o
 .debug_aranges
                0x000007f0       0x68 ./gecko_sdk_4.4.0/platform/emlib/src/em_gpio.o
 .debug_aranges
                0x00000858       0xd0 ./gecko_sdk_4.4.0/platform/peripheral/src/peripheral_sysrtc.o
 .debug_aranges
                0x00000928       0x20 ./gecko_sdk_4.4.0/platform/service/device_init/src/sl_device_init_dcdc_s2.o
 .debug_aranges
                0x00000948       0x20 ./gecko_sdk_4.4.0/platform/service/device_init/src/sl_device_init_emu_s2.o
 .debug_aranges
                0x00000968       0x20 ./gecko_sdk_4.4.0/platform/service/device_init/src/sl_device_init_hfxo_s2.o
 .debug_aranges
                0x00000988       0x20 ./gecko_sdk_4.4.0/platform/service/device_init/src/sl_device_init_lfxo_s2.o
 .debug_aranges
                0x000009a8       0x20 ./gecko_sdk_4.4.0/platform/service/device_init/src/sl_device_init_nvic.o
 .debug_aranges
                0x000009c8      0x120 ./gecko_sdk_4.4.0/platform/service/sleeptimer/src/sl_sleeptimer.o
 .debug_aranges
                0x00000ae8       0x90 ./gecko_sdk_4.4.0/platform/service/sleeptimer/src/sl_sleeptimer_hal_sysrtc.o
 .debug_aranges
                0x00000b78       0x20 ./gecko_sdk_4.4.0/platform/service/system/src/sl_system_init.o
 .debug_aranges
                0x00000b98       0x20 ./gecko_sdk_4.4.0/platform/service/system/src/sl_system_process_action.o

.debug_ranges   0x00000000     0x1020
 .debug_ranges  0x00000000       0x18 ./app.o
 .debug_ranges  0x00000018       0x20 ./blink.o
 .debug_ranges  0x00000038       0x10 ./main.o
 .debug_ranges  0x00000048       0x10 ./autogen/sl_board_default_init.o
 .debug_ranges  0x00000058       0x10 ./autogen/sl_device_init_clocks.o
 .debug_ranges  0x00000068       0x68 ./autogen/sl_event_handler.o
 .debug_ranges  0x000000d0       0x10 ./autogen/sl_simple_led_instances.o
 .debug_ranges  0x000000e0       0x60 ./gecko_sdk_4.4.0/hardware/board/src/sl_board_control_gpio.o
 .debug_ranges  0x00000140       0x18 ./gecko_sdk_4.4.0/hardware/board/src/sl_board_init.o
 .debug_ranges  0x00000158       0x88 ./gecko_sdk_4.4.0/platform/Device/SiliconLabs/EFM32PG23/Source/startup_efm32pg23.o
 .debug_ranges  0x000001e0       0xa0 ./gecko_sdk_4.4.0/platform/Device/SiliconLabs/EFM32PG23/Source/system_efm32pg23.o
 .debug_ranges  0x00000280       0x10 ./gecko_sdk_4.4.0/platform/common/src/sl_assert.o
 .debug_ranges  0x00000290       0x58 ./gecko_sdk_4.4.0/platform/common/src/sl_syscalls.o
 .debug_ranges  0x000002e8       0x20 ./gecko_sdk_4.4.0/platform/common/toolchain/src/sl_memory.o
 .debug_ranges  0x00000308       0x30 ./gecko_sdk_4.4.0/platform/driver/leddrv/src/sl_led.o
 .debug_ranges  0x00000338       0x40 ./gecko_sdk_4.4.0/platform/driver/leddrv/src/sl_simple_led.o
 .debug_ranges  0x00000378      0x3c0 ./gecko_sdk_4.4.0/platform/emlib/src/em_cmu.o
 .debug_ranges  0x00000738      0x1a0 ./gecko_sdk_4.4.0/platform/emlib/src/em_core.o
 .debug_ranges  0x000008d8      0x2b8 ./gecko_sdk_4.4.0/platform/emlib/src/em_emu.o
 .debug_ranges  0x00000b90       0x70 ./gecko_sdk_4.4.0/platform/emlib/src/em_gpio.o
 .debug_ranges  0x00000c00       0xc0 ./gecko_sdk_4.4.0/platform/peripheral/src/peripheral_sysrtc.o
 .debug_ranges  0x00000cc0       0x10 ./gecko_sdk_4.4.0/platform/service/device_init/src/sl_device_init_dcdc_s2.o
 .debug_ranges  0x00000cd0       0x10 ./gecko_sdk_4.4.0/platform/service/device_init/src/sl_device_init_emu_s2.o
 .debug_ranges  0x00000ce0       0x10 ./gecko_sdk_4.4.0/platform/service/device_init/src/sl_device_init_hfxo_s2.o
 .debug_ranges  0x00000cf0       0x10 ./gecko_sdk_4.4.0/platform/service/device_init/src/sl_device_init_lfxo_s2.o
 .debug_ranges  0x00000d00       0x68 ./gecko_sdk_4.4.0/platform/service/device_init/src/sl_device_init_nvic.o
 .debug_ranges  0x00000d68      0x1a0 ./gecko_sdk_4.4.0/platform/service/sleeptimer/src/sl_sleeptimer.o
 .debug_ranges  0x00000f08       0xf8 ./gecko_sdk_4.4.0/platform/service/sleeptimer/src/sl_sleeptimer_hal_sysrtc.o
 .debug_ranges  0x00001000       0x10 ./gecko_sdk_4.4.0/platform/service/system/src/sl_system_init.o
 .debug_ranges  0x00001010       0x10 ./gecko_sdk_4.4.0/platform/service/system/src/sl_system_process_action.o

.debug_line     0x00000000     0xb029
 .debug_line    0x00000000       0x5f ./app.o
 .debug_line    0x0000005f      0x337 ./blink.o
 .debug_line    0x00000396      0x101 ./main.o
 .debug_line    0x00000497       0x55 ./autogen/sl_board_default_init.o
 .debug_line    0x000004ec      0x2f4 ./autogen/sl_device_init_clocks.o
 .debug_line    0x000007e0      0x632 ./autogen/sl_event_handler.o
 .debug_line    0x00000e12      0x2a3 ./autogen/sl_simple_led_instances.o
 .debug_line    0x000010b5      0x49b ./gecko_sdk_4.4.0/hardware/board/src/sl_board_control_gpio.o
 .debug_line    0x00001550      0x1f3 ./gecko_sdk_4.4.0/hardware/board/src/sl_board_init.o
 .debug_line    0x00001743      0x33a ./gecko_sdk_4.4.0/platform/Device/SiliconLabs/EFM32PG23/Source/startup_efm32pg23.o
 .debug_line    0x00001a7d      0x624 ./gecko_sdk_4.4.0/platform/Device/SiliconLabs/EFM32PG23/Source/system_efm32pg23.o
 .debug_line    0x000020a1       0x82 ./gecko_sdk_4.4.0/platform/common/src/sl_assert.o
 .debug_line    0x00002123      0x16d ./gecko_sdk_4.4.0/platform/common/src/sl_syscalls.o
 .debug_line    0x00002290      0x2dc ./gecko_sdk_4.4.0/platform/common/toolchain/src/sl_memory.o
 .debug_line    0x0000256c      0x29c ./gecko_sdk_4.4.0/platform/driver/leddrv/src/sl_led.o
 .debug_line    0x00002808      0x520 ./gecko_sdk_4.4.0/platform/driver/leddrv/src/sl_simple_led.o
 .debug_line    0x00002d28     0x316b ./gecko_sdk_4.4.0/platform/emlib/src/em_cmu.o
 .debug_line    0x00005e93      0xaa0 ./gecko_sdk_4.4.0/platform/emlib/src/em_core.o
 .debug_line    0x00006933      0xf0a ./gecko_sdk_4.4.0/platform/emlib/src/em_emu.o
 .debug_line    0x0000783d      0x6bc ./gecko_sdk_4.4.0/platform/emlib/src/em_gpio.o
 .debug_line    0x00007ef9      0x815 ./gecko_sdk_4.4.0/platform/peripheral/src/peripheral_sysrtc.o
 .debug_line    0x0000870e      0x262 ./gecko_sdk_4.4.0/platform/service/device_init/src/sl_device_init_dcdc_s2.o
 .debug_line    0x00008970      0x2fa ./gecko_sdk_4.4.0/platform/service/device_init/src/sl_device_init_emu_s2.o
 .debug_line    0x00008c6a      0x34a ./gecko_sdk_4.4.0/platform/service/device_init/src/sl_device_init_hfxo_s2.o
 .debug_line    0x00008fb4      0x273 ./gecko_sdk_4.4.0/platform/service/device_init/src/sl_device_init_lfxo_s2.o
 .debug_line    0x00009227      0x36f ./gecko_sdk_4.4.0/platform/service/device_init/src/sl_device_init_nvic.o
 .debug_line    0x00009596     0x111f ./gecko_sdk_4.4.0/platform/service/sleeptimer/src/sl_sleeptimer.o
 .debug_line    0x0000a6b5      0x7b5 ./gecko_sdk_4.4.0/platform/service/sleeptimer/src/sl_sleeptimer_hal_sysrtc.o
 .debug_line    0x0000ae6a       0xdb ./gecko_sdk_4.4.0/platform/service/system/src/sl_system_init.o
 .debug_line    0x0000af45       0xe4 ./gecko_sdk_4.4.0/platform/service/system/src/sl_system_process_action.o

.debug_str      0x00000000     0x97d6
 .debug_str     0x00000000      0x140 ./app.o
                                0x15c (size before relaxing)
 .debug_str     0x00000140      0x1c7 ./blink.o
                                0x39c (size before relaxing)
 .debug_str     0x00000307       0x37 ./main.o
                                0x16a (size before relaxing)
 .debug_str     0x0000033e       0x39 ./autogen/sl_board_default_init.o
                                0x1d4 (size before relaxing)
 .debug_str     0x00000377      0xb78 ./autogen/sl_device_init_clocks.o
                                0xdfe (size before relaxing)
 .debug_str     0x00000eef      0x27d ./autogen/sl_event_handler.o
                                0xf1c (size before relaxing)
 .debug_str     0x0000116c      0x14f ./autogen/sl_simple_led_instances.o
                                0x38c (size before relaxing)
 .debug_str     0x000012bb      0x44d ./gecko_sdk_4.4.0/hardware/board/src/sl_board_control_gpio.o
                                0x6a8 (size before relaxing)
 .debug_str     0x00001708      0x4d4 ./gecko_sdk_4.4.0/hardware/board/src/sl_board_init.o
                                0x6be (size before relaxing)
 .debug_str     0x00001bdc      0x1a9 ./gecko_sdk_4.4.0/platform/Device/SiliconLabs/EFM32PG23/Source/startup_efm32pg23.o
                                0x35f (size before relaxing)
 .debug_str     0x00001d85      0xa20 ./gecko_sdk_4.4.0/platform/Device/SiliconLabs/EFM32PG23/Source/system_efm32pg23.o
                               0x16d6 (size before relaxing)
 .debug_str     0x000027a5       0x3d ./gecko_sdk_4.4.0/platform/common/src/sl_assert.o
                                0x163 (size before relaxing)
 .debug_str     0x000027e2       0x8c ./gecko_sdk_4.4.0/platform/common/src/sl_syscalls.o
                                0x243 (size before relaxing)
 .debug_str     0x0000286e       0xde ./gecko_sdk_4.4.0/platform/common/toolchain/src/sl_memory.o
                                0x29d (size before relaxing)
 .debug_str     0x0000294c       0x72 ./gecko_sdk_4.4.0/platform/driver/leddrv/src/sl_led.o
                                0x2a0 (size before relaxing)
 .debug_str     0x000029be      0xa72 ./gecko_sdk_4.4.0/platform/driver/leddrv/src/sl_simple_led.o
                               0x17a8 (size before relaxing)
 .debug_str     0x00003430     0x3c0b ./gecko_sdk_4.4.0/platform/emlib/src/em_cmu.o
                               0x5d93 (size before relaxing)
 .debug_str     0x0000703b      0x31d ./gecko_sdk_4.4.0/platform/emlib/src/em_core.o
                                0xa8a (size before relaxing)
 .debug_str     0x00007358      0xbe1 ./gecko_sdk_4.4.0/platform/emlib/src/em_emu.o
                               0x214d (size before relaxing)
 .debug_str     0x00007f39      0x103 ./gecko_sdk_4.4.0/platform/emlib/src/em_gpio.o
                               0x1664 (size before relaxing)
 .debug_str     0x0000803c      0x686 ./gecko_sdk_4.4.0/platform/peripheral/src/peripheral_sysrtc.o
                                0xad2 (size before relaxing)
 .debug_str     0x000086c2       0x4d ./gecko_sdk_4.4.0/platform/service/device_init/src/sl_device_init_dcdc_s2.o
                                0x8ab (size before relaxing)
 .debug_str     0x0000870f       0x55 ./gecko_sdk_4.4.0/platform/service/device_init/src/sl_device_init_emu_s2.o
                                0x921 (size before relaxing)
 .debug_str     0x00008764      0x503 ./gecko_sdk_4.4.0/platform/service/device_init/src/sl_device_init_hfxo_s2.o
                                0xbce (size before relaxing)
 .debug_str     0x00008c67      0x1c2 ./gecko_sdk_4.4.0/platform/service/device_init/src/sl_device_init_lfxo_s2.o
                                0x497 (size before relaxing)
 .debug_str     0x00008e29       0x5d ./gecko_sdk_4.4.0/platform/service/device_init/src/sl_device_init_nvic.o
                                0x780 (size before relaxing)
 .debug_str     0x00008e86      0x781 ./gecko_sdk_4.4.0/platform/service/sleeptimer/src/sl_sleeptimer.o
                                0xbc0 (size before relaxing)
 .debug_str     0x00009607      0x145 ./gecko_sdk_4.4.0/platform/service/sleeptimer/src/sl_sleeptimer_hal_sysrtc.o
                               0x1596 (size before relaxing)
 .debug_str     0x0000974c       0x40 ./gecko_sdk_4.4.0/platform/service/system/src/sl_system_init.o
                                0x1b9 (size before relaxing)
 .debug_str     0x0000978c       0x4a ./gecko_sdk_4.4.0/platform/service/system/src/sl_system_process_action.o
                                0x1e6 (size before relaxing)

.debug_frame    0x00000000     0x1dc0
 .debug_frame   0x00000000       0x30 ./app.o
 .debug_frame   0x00000030       0x50 ./blink.o
 .debug_frame   0x00000080       0x28 ./main.o
 .debug_frame   0x000000a8       0x20 ./autogen/sl_board_default_init.o
 .debug_frame   0x000000c8       0x28 ./autogen/sl_device_init_clocks.o
 .debug_frame   0x000000f0       0xb8 ./autogen/sl_event_handler.o
 .debug_frame   0x000001a8       0x20 ./autogen/sl_simple_led_instances.o
 .debug_frame   0x000001c8      0x100 ./gecko_sdk_4.4.0/hardware/board/src/sl_board_control_gpio.o
 .debug_frame   0x000002c8       0x3c ./gecko_sdk_4.4.0/hardware/board/src/sl_board_init.o
 .debug_frame   0x00000304       0x48 ./gecko_sdk_4.4.0/platform/Device/SiliconLabs/EFM32PG23/Source/startup_efm32pg23.o
 .debug_frame   0x0000034c      0x128 ./gecko_sdk_4.4.0/platform/Device/SiliconLabs/EFM32PG23/Source/system_efm32pg23.o
 .debug_frame   0x00000474       0x20 ./gecko_sdk_4.4.0/platform/common/src/sl_assert.o
 .debug_frame   0x00000494       0xb0 ./gecko_sdk_4.4.0/platform/common/src/sl_syscalls.o
 .debug_frame   0x00000544       0x40 ./gecko_sdk_4.4.0/platform/common/toolchain/src/sl_memory.o
 .debug_frame   0x00000584       0x60 ./gecko_sdk_4.4.0/platform/driver/leddrv/src/sl_led.o
 .debug_frame   0x000005e4       0xb8 ./gecko_sdk_4.4.0/platform/driver/leddrv/src/sl_simple_led.o
 .debug_frame   0x0000069c      0x630 ./gecko_sdk_4.4.0/platform/emlib/src/em_cmu.o
 .debug_frame   0x00000ccc      0x250 ./gecko_sdk_4.4.0/platform/emlib/src/em_core.o
 .debug_frame   0x00000f1c      0x304 ./gecko_sdk_4.4.0/platform/emlib/src/em_emu.o
 .debug_frame   0x00001220      0x168 ./gecko_sdk_4.4.0/platform/emlib/src/em_gpio.o
 .debug_frame   0x00001388      0x1d8 ./gecko_sdk_4.4.0/platform/peripheral/src/peripheral_sysrtc.o
 .debug_frame   0x00001560       0x28 ./gecko_sdk_4.4.0/platform/service/device_init/src/sl_device_init_dcdc_s2.o
 .debug_frame   0x00001588       0x2c ./gecko_sdk_4.4.0/platform/service/device_init/src/sl_device_init_emu_s2.o
 .debug_frame   0x000015b4       0x34 ./gecko_sdk_4.4.0/platform/service/device_init/src/sl_device_init_hfxo_s2.o
 .debug_frame   0x000015e8       0x30 ./gecko_sdk_4.4.0/platform/service/device_init/src/sl_device_init_lfxo_s2.o
 .debug_frame   0x00001618       0x28 ./gecko_sdk_4.4.0/platform/service/device_init/src/sl_device_init_nvic.o
 .debug_frame   0x00001640      0x3ac ./gecko_sdk_4.4.0/platform/service/sleeptimer/src/sl_sleeptimer.o
 .debug_frame   0x000019ec      0x160 ./gecko_sdk_4.4.0/platform/service/sleeptimer/src/sl_sleeptimer_hal_sysrtc.o
 .debug_frame   0x00001b4c       0x2c ./gecko_sdk_4.4.0/platform/service/system/src/sl_system_init.o
 .debug_frame   0x00001b78       0x2c ./gecko_sdk_4.4.0/platform/service/system/src/sl_system_process_action.o
 .debug_frame   0x00001ba4       0x2c c:/siliconlabs/simplicitystudio/v5/developer/toolchains/gnu_arm/12.2.rel1_2023.7/bin/../lib/gcc/arm-none-eabi/12.2.1/thumb/v8-m.main+fp/hard\libgcc.a(_aeabi_uldivmod.o)
 .debug_frame   0x00001bd0       0x38 c:/siliconlabs/simplicitystudio/v5/developer/toolchains/gnu_arm/12.2.rel1_2023.7/bin/../lib/gcc/arm-none-eabi/12.2.1/thumb/v8-m.main+fp/hard\libgcc.a(_udivmoddi4.o)
 .debug_frame   0x00001c08       0x28 c:/siliconlabs/simplicitystudio/v5/developer/toolchains/gnu_arm/12.2.rel1_2023.7/bin/../lib/gcc/arm-none-eabi/12.2.1/thumb/v8-m.main+fp/hard\libc_nano.a(libc_a-exit.o)
 .debug_frame   0x00001c30      0x144 c:/siliconlabs/simplicitystudio/v5/developer/toolchains/gnu_arm/12.2.rel1_2023.7/bin/../lib/gcc/arm-none-eabi/12.2.1/thumb/v8-m.main+fp/hard\libc_nano.a(libc_a-findfp.o)
 .debug_frame   0x00001d74       0x20 c:/siliconlabs/simplicitystudio/v5/developer/toolchains/gnu_arm/12.2.rel1_2023.7/bin/../lib/gcc/arm-none-eabi/12.2.1/thumb/v8-m.main+fp/hard\libc_nano.a(libc_a-memset.o)
 .debug_frame   0x00001d94       0x2c c:/siliconlabs/simplicitystudio/v5/developer/toolchains/gnu_arm/12.2.rel1_2023.7/bin/../lib/gcc/arm-none-eabi/12.2.1/thumb/v8-m.main+fp/hard\libc_nano.a(libc_a-init.o)

.debug_loc      0x00000000     0x9857
 .debug_loc     0x00000000       0x4c ./blink.o
 .debug_loc     0x0000004c       0x20 ./main.o
 .debug_loc     0x0000006c       0x20 ./autogen/sl_device_init_clocks.o
 .debug_loc     0x0000008c       0xa3 ./autogen/sl_event_handler.o
 .debug_loc     0x0000012f      0x24a ./gecko_sdk_4.4.0/hardware/board/src/sl_board_control_gpio.o
 .debug_loc     0x00000379       0x2c ./gecko_sdk_4.4.0/hardware/board/src/sl_board_init.o
 .debug_loc     0x000003a5       0x8e ./gecko_sdk_4.4.0/platform/Device/SiliconLabs/EFM32PG23/Source/startup_efm32pg23.o
 .debug_loc     0x00000433      0x2c0 ./gecko_sdk_4.4.0/platform/Device/SiliconLabs/EFM32PG23/Source/system_efm32pg23.o
 .debug_loc     0x000006f3       0x2a ./gecko_sdk_4.4.0/platform/common/src/sl_assert.o
 .debug_loc     0x0000071d      0x118 ./gecko_sdk_4.4.0/platform/common/src/sl_syscalls.o
 .debug_loc     0x00000835       0xa9 ./gecko_sdk_4.4.0/platform/common/toolchain/src/sl_memory.o
 .debug_loc     0x000008de       0xb9 ./gecko_sdk_4.4.0/platform/driver/leddrv/src/sl_led.o
 .debug_loc     0x00000997      0x36c ./gecko_sdk_4.4.0/platform/driver/leddrv/src/sl_simple_led.o
 .debug_loc     0x00000d03     0x48f7 ./gecko_sdk_4.4.0/platform/emlib/src/em_cmu.o
 .debug_loc     0x000055fa      0x9a9 ./gecko_sdk_4.4.0/platform/emlib/src/em_core.o
 .debug_loc     0x00005fa3      0x992 ./gecko_sdk_4.4.0/platform/emlib/src/em_emu.o
 .debug_loc     0x00006935      0x93d ./gecko_sdk_4.4.0/platform/emlib/src/em_gpio.o
 .debug_loc     0x00007272      0x582 ./gecko_sdk_4.4.0/platform/peripheral/src/peripheral_sysrtc.o
 .debug_loc     0x000077f4       0x2c ./gecko_sdk_4.4.0/platform/service/device_init/src/sl_device_init_dcdc_s2.o
 .debug_loc     0x00007820       0x2c ./gecko_sdk_4.4.0/platform/service/device_init/src/sl_device_init_emu_s2.o
 .debug_loc     0x0000784c       0xbd ./gecko_sdk_4.4.0/platform/service/device_init/src/sl_device_init_hfxo_s2.o
 .debug_loc     0x00007909       0x38 ./gecko_sdk_4.4.0/platform/service/device_init/src/sl_device_init_lfxo_s2.o
 .debug_loc     0x00007941       0x79 ./gecko_sdk_4.4.0/platform/service/device_init/src/sl_device_init_nvic.o
 .debug_loc     0x000079ba     0x1982 ./gecko_sdk_4.4.0/platform/service/sleeptimer/src/sl_sleeptimer.o
 .debug_loc     0x0000933c      0x4c3 ./gecko_sdk_4.4.0/platform/service/sleeptimer/src/sl_sleeptimer_hal_sysrtc.o
 .debug_loc     0x000097ff       0x2c ./gecko_sdk_4.4.0/platform/service/system/src/sl_system_init.o
 .debug_loc     0x0000982b       0x2c ./gecko_sdk_4.4.0/platform/service/system/src/sl_system_process_action.o
